Archive member included to satisfy reference by file (symbol)

C:/ST/STM32CubeIDE_1.18.1/STM32CubeIDE/plugins/com.st.stm32cube.ide.mcu.externaltools.gnu-tools-for-stm32.13.3.rel1.win32_1.0.0.202411081344/tools/bin/../lib/gcc/arm-none-eabi/13.3.1/../../../../arm-none-eabi/lib/thumb/v7e-m+fp/hard\libc_nano.a(libc_a-exit.o)
                              C:/ST/STM32CubeIDE_1.18.1/STM32CubeIDE/plugins/com.st.stm32cube.ide.mcu.externaltools.gnu-tools-for-stm32.13.3.rel1.win32_1.0.0.202411081344/tools/bin/../lib/gcc/arm-none-eabi/13.3.1/../../../../arm-none-eabi/lib/thumb/v7e-m+fp/hard/crt0.o (exit)
C:/ST/STM32CubeIDE_1.18.1/STM32CubeIDE/plugins/com.st.stm32cube.ide.mcu.externaltools.gnu-tools-for-stm32.13.3.rel1.win32_1.0.0.202411081344/tools/bin/../lib/gcc/arm-none-eabi/13.3.1/../../../../arm-none-eabi/lib/thumb/v7e-m+fp/hard\libc_nano.a(libc_a-findfp.o)
                              C:/ST/STM32CubeIDE_1.18.1/STM32CubeIDE/plugins/com.st.stm32cube.ide.mcu.externaltools.gnu-tools-for-stm32.13.3.rel1.win32_1.0.0.202411081344/tools/bin/../lib/gcc/arm-none-eabi/13.3.1/../../../../arm-none-eabi/lib/thumb/v7e-m+fp/hard\libc_nano.a(libc_a-exit.o) (__stdio_exit_handler)
C:/ST/STM32CubeIDE_1.18.1/STM32CubeIDE/plugins/com.st.stm32cube.ide.mcu.externaltools.gnu-tools-for-stm32.13.3.rel1.win32_1.0.0.202411081344/tools/bin/../lib/gcc/arm-none-eabi/13.3.1/../../../../arm-none-eabi/lib/thumb/v7e-m+fp/hard\libc_nano.a(libc_a-fwalk.o)
                              C:/ST/STM32CubeIDE_1.18.1/STM32CubeIDE/plugins/com.st.stm32cube.ide.mcu.externaltools.gnu-tools-for-stm32.13.3.rel1.win32_1.0.0.202411081344/tools/bin/../lib/gcc/arm-none-eabi/13.3.1/../../../../arm-none-eabi/lib/thumb/v7e-m+fp/hard\libc_nano.a(libc_a-findfp.o) (_fwalk_sglue)
C:/ST/STM32CubeIDE_1.18.1/STM32CubeIDE/plugins/com.st.stm32cube.ide.mcu.externaltools.gnu-tools-for-stm32.13.3.rel1.win32_1.0.0.202411081344/tools/bin/../lib/gcc/arm-none-eabi/13.3.1/../../../../arm-none-eabi/lib/thumb/v7e-m+fp/hard\libc_nano.a(libc_a-stdio.o)
                              C:/ST/STM32CubeIDE_1.18.1/STM32CubeIDE/plugins/com.st.stm32cube.ide.mcu.externaltools.gnu-tools-for-stm32.13.3.rel1.win32_1.0.0.202411081344/tools/bin/../lib/gcc/arm-none-eabi/13.3.1/../../../../arm-none-eabi/lib/thumb/v7e-m+fp/hard\libc_nano.a(libc_a-findfp.o) (__sread)
C:/ST/STM32CubeIDE_1.18.1/STM32CubeIDE/plugins/com.st.stm32cube.ide.mcu.externaltools.gnu-tools-for-stm32.13.3.rel1.win32_1.0.0.202411081344/tools/bin/../lib/gcc/arm-none-eabi/13.3.1/../../../../arm-none-eabi/lib/thumb/v7e-m+fp/hard\libc_nano.a(libc_a-memset.o)
                              C:/ST/STM32CubeIDE_1.18.1/STM32CubeIDE/plugins/com.st.stm32cube.ide.mcu.externaltools.gnu-tools-for-stm32.13.3.rel1.win32_1.0.0.202411081344/tools/bin/../lib/gcc/arm-none-eabi/13.3.1/../../../../arm-none-eabi/lib/thumb/v7e-m+fp/hard/crt0.o (memset)
C:/ST/STM32CubeIDE_1.18.1/STM32CubeIDE/plugins/com.st.stm32cube.ide.mcu.externaltools.gnu-tools-for-stm32.13.3.rel1.win32_1.0.0.202411081344/tools/bin/../lib/gcc/arm-none-eabi/13.3.1/../../../../arm-none-eabi/lib/thumb/v7e-m+fp/hard\libc_nano.a(libc_a-closer.o)
                              C:/ST/STM32CubeIDE_1.18.1/STM32CubeIDE/plugins/com.st.stm32cube.ide.mcu.externaltools.gnu-tools-for-stm32.13.3.rel1.win32_1.0.0.202411081344/tools/bin/../lib/gcc/arm-none-eabi/13.3.1/../../../../arm-none-eabi/lib/thumb/v7e-m+fp/hard\libc_nano.a(libc_a-stdio.o) (_close_r)
C:/ST/STM32CubeIDE_1.18.1/STM32CubeIDE/plugins/com.st.stm32cube.ide.mcu.externaltools.gnu-tools-for-stm32.13.3.rel1.win32_1.0.0.202411081344/tools/bin/../lib/gcc/arm-none-eabi/13.3.1/../../../../arm-none-eabi/lib/thumb/v7e-m+fp/hard\libc_nano.a(libc_a-reent.o)
                              C:/ST/STM32CubeIDE_1.18.1/STM32CubeIDE/plugins/com.st.stm32cube.ide.mcu.externaltools.gnu-tools-for-stm32.13.3.rel1.win32_1.0.0.202411081344/tools/bin/../lib/gcc/arm-none-eabi/13.3.1/../../../../arm-none-eabi/lib/thumb/v7e-m+fp/hard\libc_nano.a(libc_a-closer.o) (errno)
C:/ST/STM32CubeIDE_1.18.1/STM32CubeIDE/plugins/com.st.stm32cube.ide.mcu.externaltools.gnu-tools-for-stm32.13.3.rel1.win32_1.0.0.202411081344/tools/bin/../lib/gcc/arm-none-eabi/13.3.1/../../../../arm-none-eabi/lib/thumb/v7e-m+fp/hard\libc_nano.a(libc_a-impure.o)
                              C:/ST/STM32CubeIDE_1.18.1/STM32CubeIDE/plugins/com.st.stm32cube.ide.mcu.externaltools.gnu-tools-for-stm32.13.3.rel1.win32_1.0.0.202411081344/tools/bin/../lib/gcc/arm-none-eabi/13.3.1/../../../../arm-none-eabi/lib/thumb/v7e-m+fp/hard\libc_nano.a(libc_a-reent.o) (_impure_ptr)
C:/ST/STM32CubeIDE_1.18.1/STM32CubeIDE/plugins/com.st.stm32cube.ide.mcu.externaltools.gnu-tools-for-stm32.13.3.rel1.win32_1.0.0.202411081344/tools/bin/../lib/gcc/arm-none-eabi/13.3.1/../../../../arm-none-eabi/lib/thumb/v7e-m+fp/hard\libc_nano.a(libc_a-lseekr.o)
[...]
Memory Configuration

Name             Origin             Length             Attributes
RAM              0x20000000         0x00020000         xrw
FLASH            0x08000000         0x00080000         xr
*default*        0x00000000         0xffffffff

Linker script and memory map

LOAD C:/ST/STM32CubeIDE_1.18.1/STM32CubeIDE/plugins/com.st.stm32cube.ide.mcu.externaltools.gnu-tools-for-stm32.13.3.rel1.win32_1.0.0.202411081344/tools/bin/../lib/gcc/arm-none-eabi/13.3.1/thumb/v7e-m+fp/hard/crti.o
LOAD C:/ST/STM32CubeIDE_1.18.1/STM32CubeIDE/plugins/com.st.stm32cube.ide.mcu.externaltools.gnu-tools-for-stm32.13.3.rel1.win32_1.0.0.202411081344/tools/bin/../lib/gcc/arm-none-eabi/13.3.1/thumb/v7e-m+fp/hard/crtbegin.o
LOAD C:/ST/STM32CubeIDE_1.18.1/STM32CubeIDE/plugins/com.st.stm32cube.ide.mcu.externaltools.gnu-tools-for-stm32.13.3.rel1.win32_1.0.0.202411081344/tools/bin/../lib/gcc/arm-none-eabi/13.3.1/../../../../arm-none-eabi/lib/thumb/v7e-m+fp/hard/crt0.o
LOAD ./Src/gpio.o
LOAD ./Src/main.o
LOAD ./Src/syscalls.o
LOAD ./Src/sysmem.o
LOAD ./Src/systick.o
LOAD ./Src/uart.o
LOAD ./Startup/startup_stm32f446retx.o
START GROUP
LOAD C:/ST/STM32CubeIDE_1.18.1/STM32CubeIDE/plugins/com.st.stm32cube.ide.mcu.externaltools.gnu-tools-for-stm32.13.3.rel1.win32_1.0.0.202411081344/tools/bin/../lib/gcc/arm-none-eabi/13.3.1/../../../../arm-none-eabi/lib/thumb/v7e-m+fp/hard\libstdc++_nano.a
LOAD C:/ST/STM32CubeIDE_1.18.1/STM32CubeIDE/plugins/com.st.stm32cube.ide.mcu.externaltools.gnu-tools-for-stm32.13.3.rel1.win32_1.0.0.202411081344/tools/bin/../lib/gcc/arm-none-eabi/13.3.1/../../../../arm-none-eabi/lib/thumb/v7e-m+fp/hard\libsupc++_nano.a
END GROUP
LOAD C:/ST/STM32CubeIDE_1.18.1/STM32CubeIDE/plugins/com.st.stm32cube.ide.mcu.externaltools.gnu-tools-for-stm32.13.3.rel1.win32_1.0.0.202411081344/tools/bin/../lib/gcc/arm-none-eabi/13.3.1/../../../../arm-none-eabi/lib/thumb/v7e-m+fp/hard\libstdc++_nano.a
LOAD C:/ST/STM32CubeIDE_1.18.1/STM32CubeIDE/plugins/com.st.stm32cube.ide.mcu.externaltools.gnu-tools-for-stm32.13.3.rel1.win32_1.0.0.202411081344/tools/bin/../lib/gcc/arm-none-eabi/13.3.1/../../../../arm-none-eabi/lib/thumb/v7e-m+fp/hard\libm.a
LOAD C:/ST/STM32CubeIDE_1.18.1/STM32CubeIDE/plugins/com.st.stm32cube.ide.mcu.externaltools.gnu-tools-for-stm32.13.3.rel1.win32_1.0.0.202411081344/tools/bin/../lib/gcc/arm-none-eabi/13.3.1/../../../../arm-none-eabi/lib/thumb/v7e-m+fp/hard\libc_nano.a
START GROUP
LOAD C:/ST/STM32CubeIDE_1.18.1/STM32CubeIDE/plugins/com.st.stm32cube.ide.mcu.externaltools.gnu-tools-for-stm32.13.3.rel1.win32_1.0.0.202411081344/tools/bin/../lib/gcc/arm-none-eabi/13.3.1/thumb/v7e-m+fp/hard\libgcc.a
LOAD C:/ST/STM32CubeIDE_1.18.1/STM32CubeIDE/plugins/com.st.stm32cube.ide.mcu.externaltools.gnu-tools-for-stm32.13.3.rel1.win32_1.0.0.202411081344/tools/bin/../lib/gcc/arm-none-eabi/13.3.1/../../../../arm-none-eabi/lib/thumb/v7e-m+fp/hard\libc_nano.a
END GROUP
START GROUP
LOAD C:/ST/STM32CubeIDE_1.18.1/STM32CubeIDE/plugins/com.st.stm32cube.ide.mcu.externaltools.gnu-tools-for-stm32.13.3.rel1.win32_1.0.0.202411081344/tools/bin/../lib/gcc/arm-none-eabi/13.3.1/thumb/v7e-m+fp/hard\libgcc.a
LOAD C:/ST/STM32CubeIDE_1.18.1/STM32CubeIDE/plugins/com.st.stm32cube.ide.mcu.externaltools.gnu-tools-for-stm32.13.3.rel1.win32_1.0.0.202411081344/tools/bin/../lib/gcc/arm-none-eabi/13.3.1/../../../../arm-none-eabi/lib/thumb/v7e-m+fp/hard\libc_nano.a
LOAD C:/ST/STM32CubeIDE_1.18.1/STM32CubeIDE/plugins/com.st.stm32cube.ide.mcu.externaltools.gnu-tools-for-stm32.13.3.rel1.win32_1.0.0.202411081344/tools/bin/../lib/gcc/arm-none-eabi/13.3.1/../../../../arm-none-eabi/lib/thumb/v7e-m+fp/hard\libnosys.a
END GROUP
START GROUP
LOAD C:/ST/STM32CubeIDE_1.18.1/STM32CubeIDE/plugins/com.st.stm32cube.ide.mcu.externaltools.gnu-tools-for-stm32.13.3.rel1.win32_1.0.0.202411081344/tools/bin/../lib/gcc/arm-none-eabi/13.3.1/thumb/v7e-m+fp/hard\libgcc.a
LOAD C:/ST/STM32CubeIDE_1.18.1/STM32CubeIDE/plugins/com.st.stm32cube.ide.mcu.externaltools.gnu-tools-for-stm32.13.3.rel1.win32_1.0.0.202411081344/tools/bin/../lib/gcc/arm-none-eabi/13.3.1/../../../../arm-none-eabi/lib/thumb/v7e-m+fp/hard\libc_nano.a
LOAD C:/ST/STM32CubeIDE_1.18.1/STM32CubeIDE/plugins/com.st.stm32cube.ide.mcu.externaltools.gnu-tools-for-stm32.13.3.rel1.win32_1.0.0.202411081344/tools/bin/../lib/gcc/arm-none-eabi/13.3.1/../../../../arm-none-eabi/lib/thumb/v7e-m+fp/hard\libnosys.a
END GROUP
LOAD C:/ST/STM32CubeIDE_1.18.1/STM32CubeIDE/plugins/com.st.stm32cube.ide.mcu.externaltools.gnu-tools-for-stm32.13.3.rel1.win32_1.0.0.202411081344/tools/bin/../lib/gcc/arm-none-eabi/13.3.1/thumb/v7e-m+fp/hard/crtend.o
LOAD C:/ST/STM32CubeIDE_1.18.1/STM32CubeIDE/plugins/com.st.stm32cube.ide.mcu.externaltools.gnu-tools-for-stm32.13.3.rel1.win32_1.0.0.202411081344/tools/bin/../lib/gcc/arm-none-eabi/13.3.1/thumb/v7e-m+fp/hard/crtn.o
                0x20020000                        _estack = (ORIGIN (RAM) + LENGTH (RAM))
                0x00000200                        _Min_Heap_Size = 0x200
                0x00000400                        _Min_Stack_Size = 0x400

.isr_vector     0x08000000      0x1c4
                0x08000000                        . = ALIGN (0x4)
 *(.isr_vector)
 .isr_vector    0x08000000      0x1c4 ./Startup/startup_stm32f446retx.o
                0x08000000                g_pfnVectors
                0x080001c4                        . = ALIGN (0x4)

.text           0x080001c4      0x710
                0x080001c4                        . = ALIGN (0x4)
 *(.text)
 .text          0x080001c4       0x40 C:/ST/STM32CubeIDE_1.18.1/STM32CubeIDE/plugins/com.st.stm32cube.ide.mcu.externaltools.gnu-tools-for-stm32.13.3.rel1.win32_1.0.0.202411081344/tools/bin/../lib/gcc/arm-none-eabi/13.3.1/thumb/v7e-m+fp/hard/crtbegin.o
 .text          0x08000204       0x10 C:/ST/STM32CubeIDE_1.18.1/STM32CubeIDE/plugins/com.st.stm32cube.ide.mcu.externaltools.gnu-tools-for-stm32.13.3.rel1.win32_1.0.0.202411081344/tools/bin/../lib/gcc/arm-none-eabi/13.3.1/../../../../arm-none-eabi/lib/thumb/v7e-m+fp/hard\libc_nano.a(libc_a-strlen.o)
                0x08000204                strlen
 *(.text*)
 .text._ZN4GPIOC2E6port_t
                0x08000214       0x34 ./Src/gpio.o
                0x08000214                GPIO::GPIO(port_t)
                0x08000214                GPIO::GPIO(port_t)
 .text._ZN4GPIO6enableEv
                0x08000248       0x24 ./Src/gpio.o
                0x08000248                GPIO::enable()
 .text._ZN4GPIO9pin_setupE5pin_t6mode_t14alt_function_t
                0x0800026c       0xba ./Src/gpio.o
                0x0800026c                GPIO::pin_setup(pin_t, mode_t, alt_function_t)
 *fill*         0x08000326        0x2 
 .text._ZN4GPIO8set_maskE5pin_t6mode_t
                0x08000328       0x74 ./Src/gpio.o
                0x08000328                GPIO::set_mask(pin_t, mode_t)
 .text._ZN4GPIO8set_maskE5pin_t14alt_function_t
                0x0800039c       0x2e ./Src/gpio.o
                0x0800039c                GPIO::set_mask(pin_t, alt_function_t)
 .text.main     0x080003ca        0xe ./Src/main.o
                0x080003ca                main
 .text._Z9uart_testv
                0x080003d8       0x40 ./Src/main.o
                0x080003d8                uart_test()
 .text._Z41__static_initialization_and_destruction_0v
                0x08000418       0x14 ./Src/main.o
 .text._GLOBAL__sub_I_GPIOA
                0x0800042c        0xa ./Src/main.o
 *fill*         0x08000436        0x2 
 .text.SysTick_Handler
                0x08000438       0x1c ./Src/systick.o
                0x08000438                SysTick_Handler
 .text._ZN7Systick15configure_timerEi
                0x08000454       0x34 ./Src/systick.o
                0x08000454                Systick::configure_timer(int)
 .text._ZN7Systick6enableEv
                0x08000488       0x24 ./Src/systick.o
                0x08000488                Systick::enable()
 .text._ZN7Systick7disableEv
                0x080004ac       0x20 ./Src/systick.o
                0x080004ac                Systick::disable()
 .text._ZN7Systick8tick_allEv
                0x080004cc       0xb4 ./Src/systick.o
                0x080004cc                Systick::tick_all()
 .text._ZN4UARTC2E11usart_num_t
                0x08000580       0x54 ./Src/uart.o
                0x08000580                UART::UART(usart_num_t)
                0x08000580                UART::UART(usart_num_t)
 .text._ZN4UART6enableEv
                0x080005d4       0x44 ./Src/uart.o
                0x080005d4                UART::enable()
 .text._ZN4UART14configure_pinsEv
                0x08000618       0x4e ./Src/uart.o
                0x08000618                UART::configure_pins()
 *fill*         0x08000666        0x2 
 .text._ZN4UART19configure_registersEv
                0x08000668       0x70 ./Src/uart.o
                0x08000668                UART::configure_registers()
 .text.USART2_IRQHandler
                0x080006d8       0x6c ./Src/uart.o
                0x080006d8                USART2_IRQHandler
 .text._ZN4UART17send_byte_handlerEv
                0x08000744       0x70 ./Src/uart.o
                0x08000744                UART::send_byte_handler()
 .text._ZN4UART4sendEPc
                0x080007b4       0x3c ./Src/uart.o
                0x080007b4                UART::send(char*)
 .text._ZN4UART9read_byteEv
                0x080007f0       0x30 ./Src/uart.o
                0x080007f0                UART::read_byte()
 .text.Reset_Handler
                0x08000820       0x50 ./Startup/startup_stm32f446retx.o
                0x08000820                Reset_Handler
 .text.Default_Handler
                0x08000870        0x2 ./Startup/startup_stm32f446retx.o
                0x08000870                RTC_Alarm_IRQHandler
                0x08000870                EXTI2_IRQHandler
                0x08000870                TIM8_CC_IRQHandler
                0x08000870                SPDIF_Rx_IRQHandler
                0x08000870                DebugMon_Handler
                0x08000870                SPI4_IRQHandler
                0x08000870                TIM1_CC_IRQHandler
                0x08000870                QuadSPI_IRQHandler
                0x08000870                DMA2_Stream5_IRQHandler
                0x08000870                HardFault_Handler
                0x08000870                DMA1_Stream5_IRQHandler
                0x08000870                PVD_IRQHandler
                0x08000870                SDIO_IRQHandler
                0x08000870                TAMP_STAMP_IRQHandler
                0x08000870                PendSV_Handler
                0x08000870                NMI_Handler
                0x08000870                CAN2_RX1_IRQHandler
                0x08000870                EXTI3_IRQHandler
                0x08000870                TIM8_TRG_COM_TIM14_IRQHandler
                0x08000870                TIM1_UP_TIM10_IRQHandler
                0x08000870                FMPI2C1_error_IRQHandler
                0x08000870                TIM8_UP_TIM13_IRQHandler
                0x08000870                I2C3_ER_IRQHandler
                0x08000870                EXTI0_IRQHandler
                0x08000870                I2C2_EV_IRQHandler
                0x08000870                DMA1_Stream2_IRQHandler
                0x08000870                CAN1_RX0_IRQHandler
                0x08000870                OTG_HS_WKUP_IRQHandler
                0x08000870                UsageFault_Handler
                0x08000870                CAN2_SCE_IRQHandler
                0x08000870                DMA2_Stream2_IRQHandler
                0x08000870                SPI1_IRQHandler
                0x08000870                TIM6_DAC_IRQHandler
                0x08000870                TIM1_BRK_TIM9_IRQHandler
                0x08000870                DCMI_IRQHandler
                0x08000870                CAN2_RX0_IRQHandler
                0x08000870                DMA2_Stream3_IRQHandler
                0x08000870                FMPI2C1_IRQHandler
                0x08000870                SAI2_IRQHandler
                0x08000870                USART6_IRQHandler
                0x08000870                USART3_IRQHandler
                0x08000870                CAN1_RX1_IRQHandler
                0x08000870                UART5_IRQHandler
                0x08000870                DMA2_Stream0_IRQHandler
                0x08000870                TIM4_IRQHandler
                0x08000870                I2C1_EV_IRQHandler
                0x08000870                HDMI_CEC_IRQHandler
                0x08000870                DMA1_Stream6_IRQHandler
                0x08000870                DMA1_Stream1_IRQHandler
                0x08000870                UART4_IRQHandler
                0x08000870                TIM3_IRQHandler
                0x08000870                RCC_IRQHandler
                0x08000870                TIM8_BRK_TIM12_IRQHandler
                0x08000870                Default_Handler
                0x08000870                EXTI15_10_IRQHandler
                0x08000870                ADC_IRQHandler
                0x08000870                DMA1_Stream7_IRQHandler
                0x08000870                TIM7_IRQHandler
                0x08000870                CAN2_TX_IRQHandler
                0x08000870                TIM5_IRQHandler
                0x08000870                DMA2_Stream7_IRQHandler
                0x08000870                I2C3_EV_IRQHandler
                0x08000870                EXTI9_5_IRQHandler
                0x08000870                RTC_WKUP_IRQHandler
                0x08000870                SPI2_IRQHandler
                0x08000870                OTG_HS_EP1_IN_IRQHandler
                0x08000870                MemManage_Handler
                0x08000870                DMA1_Stream0_IRQHandler
                0x08000870                CAN1_TX_IRQHandler
                0x08000870                SVC_Handler
                0x08000870                EXTI4_IRQHandler
                0x08000870                OTG_HS_EP1_OUT_IRQHandler
                0x08000870                WWDG_IRQHandler
                0x08000870                TIM2_IRQHandler
                0x08000870                OTG_FS_WKUP_IRQHandler
                0x08000870                TIM1_TRG_COM_TIM11_IRQHandler
                0x08000870                OTG_HS_IRQHandler
                0x08000870                EXTI1_IRQHandler
                0x08000870                I2C2_ER_IRQHandler
                0x08000870                DMA2_Stream1_IRQHandler
                0x08000870                CAN1_SCE_IRQHandler
                0x08000870                FLASH_IRQHandler
                0x08000870                DMA2_Stream4_IRQHandler
                0x08000870                BusFault_Handler
                0x08000870                USART1_IRQHandler
                0x08000870                OTG_FS_IRQHandler
                0x08000870                SPI3_IRQHandler
                0x08000870                DMA1_Stream4_IRQHandler
                0x08000870                I2C1_ER_IRQHandler
                0x08000870                FMC_IRQHandler
                0x08000870                DMA2_Stream6_IRQHandler
                0x08000870                SAI1_IRQHandler
                0x08000870                DMA1_Stream3_IRQHandler
 *fill*         0x08000872        0x2 
 .text.__libc_init_array
                0x08000874       0x48 C:/ST/STM32CubeIDE_1.18.1/STM32CubeIDE/plugins/com.st.stm32cube.ide.mcu.externaltools.gnu-tools-for-stm32.13.3.rel1.win32_1.0.0.202411081344/tools/bin/../lib/gcc/arm-none-eabi/13.3.1/../../../../arm-none-eabi/lib/thumb/v7e-m+fp/hard\libc_nano.a(libc_a-init.o)
                0x08000874                __libc_init_array
 *(.glue_7)
 .glue_7        0x080008bc        0x0 linker stubs
 *(.glue_7t)
 .glue_7t       0x080008bc        0x0 linker stubs
 *(.eh_frame)
 .eh_frame      0x080008bc        0x0 C:/ST/STM32CubeIDE_1.18.1/STM32CubeIDE/plugins/com.st.stm32cube.ide.mcu.externaltools.gnu-tools-for-stm32.13.3.rel1.win32_1.0.0.202411081344/tools/bin/../lib/gcc/arm-none-eabi/13.3.1/thumb/v7e-m+fp/hard/crtbegin.o
 *(.init)
 .init          0x080008bc        0x4 C:/ST/STM32CubeIDE_1.18.1/STM32CubeIDE/plugins/com.st.stm32cube.ide.mcu.externaltools.gnu-tools-for-stm32.13.3.rel1.win32_1.0.0.202411081344/tools/bin/../lib/gcc/arm-none-eabi/13.3.1/thumb/v7e-m+fp/hard/crti.o
                0x080008bc                _init
 .init          0x080008c0        0x8 C:/ST/STM32CubeIDE_1.18.1/STM32CubeIDE/plugins/com.st.stm32cube.ide.mcu.externaltools.gnu-tools-for-stm32.13.3.rel1.win32_1.0.0.202411081344/tools/bin/../lib/gcc/arm-none-eabi/13.3.1/thumb/v7e-m+fp/hard/crtn.o
 *(.fini)
 .fini          0x080008c8        0x4 C:/ST/STM32CubeIDE_1.18.1/STM32CubeIDE/plugins/com.st.stm32cube.ide.mcu.externaltools.gnu-tools-for-stm32.13.3.rel1.win32_1.0.0.202411081344/tools/bin/../lib/gcc/arm-none-eabi/13.3.1/thumb/v7e-m+fp/hard/crti.o
                0x080008c8                _fini
 .fini          0x080008cc        0x8 C:/ST/STM32CubeIDE_1.18.1/STM32CubeIDE/plugins/com.st.stm32cube.ide.mcu.externaltools.gnu-tools-for-stm32.13.3.rel1.win32_1.0.0.202411081344/tools/bin/../lib/gcc/arm-none-eabi/13.3.1/thumb/v7e-m+fp/hard/crtn.o
                0x080008d4                        . = ALIGN (0x4)
                0x080008d4                        _etext = .

.vfp11_veneer   0x080008d4        0x0
 .vfp11_veneer  0x080008d4        0x0 linker stubs

.v4_bx          0x080008d4        0x0
 .v4_bx         0x080008d4        0x0 linker stubs

.iplt           0x080008d4        0x0
 .iplt          0x080008d4        0x0 C:/ST/STM32CubeIDE_1.18.1/STM32CubeIDE/plugins/com.st.stm32cube.ide.mcu.externaltools.gnu-tools-for-stm32.13.3.rel1.win32_1.0.0.202411081344/tools/bin/../lib/gcc/arm-none-eabi/13.3.1/thumb/v7e-m+fp/hard/crtbegin.o

.rodata         0x080008d4        0x8
                0x080008d4                        . = ALIGN (0x4)
 *(.rodata)
 .rodata        0x080008d4        0x5 ./Src/main.o
 *(.rodata*)
                0x080008dc                        . = ALIGN (0x4)
 *fill*         0x080008d9        0x3 

.ARM.extab      0x080008dc        0x0
                0x080008dc                        . = ALIGN (0x4)
 *(.ARM.extab* .gnu.linkonce.armextab.*)
                0x080008dc                        . = ALIGN (0x4)

.ARM            0x080008dc        0x8
                0x080008dc                        . = ALIGN (0x4)
                0x080008dc                        __exidx_start = .
 *(.ARM.exidx*)
 .ARM.exidx     0x080008dc        0x8 C:/ST/STM32CubeIDE_1.18.1/STM32CubeIDE/plugins/com.st.stm32cube.ide.mcu.externaltools.gnu-tools-for-stm32.13.3.rel1.win32_1.0.0.202411081344/tools/bin/../lib/gcc/arm-none-eabi/13.3.1/../../../../arm-none-eabi/lib/thumb/v7e-m+fp/hard\libc_nano.a(libc_a-strlen.o)
                0x080008e4                        __exidx_end = .
                0x080008e4                        . = ALIGN (0x4)

.preinit_array  0x080008e4        0x0
                0x080008e4                        . = ALIGN (0x4)
                0x080008e4                        PROVIDE (__preinit_array_start = .)
 *(.preinit_array*)
                0x080008e4                        PROVIDE (__preinit_array_end = .)
                0x080008e4                        . = ALIGN (0x4)

.init_array     0x080008e4        0x8
                0x080008e4                        . = ALIGN (0x4)
                0x080008e4                        PROVIDE (__init_array_start = .)
 *(SORT_BY_NAME(.init_array.*))
 *(.init_array*)
 .init_array    0x080008e4        0x4 C:/ST/STM32CubeIDE_1.18.1/STM32CubeIDE/plugins/com.st.stm32cube.ide.mcu.externaltools.gnu-tools-for-stm32.13.3.rel1.win32_1.0.0.202411081344/tools/bin/../lib/gcc/arm-none-eabi/13.3.1/thumb/v7e-m+fp/hard/crtbegin.o
 .init_array    0x080008e8        0x4 ./Src/main.o
                0x080008ec                        PROVIDE (__init_array_end = .)
                0x080008ec                        . = ALIGN (0x4)

.fini_array     0x080008ec        0x4
                0x080008ec                        . = ALIGN (0x4)
                [!provide]                        PROVIDE (__fini_array_start = .)
 *(SORT_BY_NAME(.fini_array.*))
 *(.fini_array*)
 .fini_array    0x080008ec        0x4 C:/ST/STM32CubeIDE_1.18.1/STM32CubeIDE/plugins/com.st.stm32cube.ide.mcu.externaltools.gnu-tools-for-stm32.13.3.rel1.win32_1.0.0.202411081344/tools/bin/../lib/gcc/arm-none-eabi/13.3.1/thumb/v7e-m+fp/hard/crtbegin.o
                [!provide]                        PROVIDE (__fini_array_end = .)
                0x080008f0                        . = ALIGN (0x4)
                0x080008f0                        _sidata = LOADADDR (.data)

.rel.dyn        0x080008f0        0x0
 .rel.iplt      0x080008f0        0x0 C:/ST/STM32CubeIDE_1.18.1/STM32CubeIDE/plugins/com.st.stm32cube.ide.mcu.externaltools.gnu-tools-for-stm32.13.3.rel1.win32_1.0.0.202411081344/tools/bin/../lib/gcc/arm-none-eabi/13.3.1/thumb/v7e-m+fp/hard/crtbegin.o

.data           0x20000000        0x0 load address 0x080008f0
                0x20000000                        . = ALIGN (0x4)
                0x20000000                        _sdata = .
 *(.data)
 *(.data*)
 *(.RamFunc)
 *(.RamFunc*)
                0x20000000                        . = ALIGN (0x4)
                0x20000000                        _edata = .

.igot.plt       0x20000000        0x0 load address 0x080008f0
 .igot.plt      0x20000000        0x0 C:/ST/STM32CubeIDE_1.18.1/STM32CubeIDE/plugins/com.st.stm32cube.ide.mcu.externaltools.gnu-tools-for-stm32.13.3.rel1.win32_1.0.0.202411081344/tools/bin/../lib/gcc/arm-none-eabi/13.3.1/thumb/v7e-m+fp/hard/crtbegin.o
                0x20000000                        . = ALIGN (0x4)

.bss            0x20000000       0xc4 load address 0x080008f0
                0x20000000                        _sbss = .
                0x20000000                        __bss_start__ = _sbss
 *(.bss)
 .bss           0x20000000       0x1c C:/ST/STM32CubeIDE_1.18.1/STM32CubeIDE/plugins/com.st.stm32cube.ide.mcu.externaltools.gnu-tools-for-stm32.13.3.rel1.win32_1.0.0.202411081344/tools/bin/../lib/gcc/arm-none-eabi/13.3.1/thumb/v7e-m+fp/hard/crtbegin.o
 *(.bss*)
 .bss.GPIOA     0x2000001c        0x8 ./Src/main.o
                0x2000001c                GPIOA
 .bss.system_tick_ms
                0x20000024        0x4 ./Src/systick.o
                0x20000024                system_tick_ms
 .bss._ZN7Systick9subtimersE
                0x20000028       0x80 ./Src/systick.o
                0x20000028                Systick::subtimers
 .bss._ZN4UART15usart_instancesE
                0x200000a8       0x18 ./Src/uart.o
                0x200000a8                UART::usart_instances
 .bss._ZL8echo_buf
                0x200000c0        0x2 ./Src/uart.o
 *(COMMON)
                0x200000c4                        . = ALIGN (0x4)
 *fill*         0x200000c2        0x2 
                0x200000c4                        _ebss = .
                0x200000c4                        __bss_end__ = _ebss

._user_heap_stack
                0x200000c4      0x604 load address 0x080008f0
                0x200000c8                        . = ALIGN (0x8)
 *fill*         0x200000c4        0x4 
                [!provide]                        PROVIDE (end = .)
                0x200000c8                        PROVIDE (_end = .)
                0x200002c8                        . = (. + _Min_Heap_Size)
 *fill*         0x200000c8      0x200 
                0x200006c8                        . = (. + _Min_Stack_Size)
 *fill*         0x200002c8      0x400 
                0x200006c8                        . = ALIGN (0x8)

/DISCARD/
 libc.a(*)
 libm.a(*)
 libgcc.a(*)

.ARM.attributes
                0x00000000       0x30
 *(.ARM.attributes)
 .ARM.attributes
                0x00000000       0x22 C:/ST/STM32CubeIDE_1.18.1/STM32CubeIDE/plugins/com.st.stm32cube.ide.mcu.externaltools.gnu-tools-for-stm32.13.3.rel1.win32_1.0.0.202411081344/tools/bin/../lib/gcc/arm-none-eabi/13.3.1/thumb/v7e-m+fp/hard/crti.o
 .ARM.attributes
                0x00000022       0x34 C:/ST/STM32CubeIDE_1.18.1/STM32CubeIDE/plugins/com.st.stm32cube.ide.mcu.externaltools.gnu-tools-for-stm32.13.3.rel1.win32_1.0.0.202411081344/tools/bin/../lib/gcc/arm-none-eabi/13.3.1/thumb/v7e-m+fp/hard/crtbegin.o
 .ARM.attributes
                0x00000056       0x34 ./Src/gpio.o
 .ARM.attributes
                0x0000008a       0x34 ./Src/main.o
 .ARM.attributes
                0x000000be       0x34 ./Src/systick.o
 .ARM.attributes
                0x000000f2       0x34 ./Src/uart.o
 .ARM.attributes
                0x00000126       0x21 ./Startup/startup_stm32f446retx.o
 .ARM.attributes
                0x00000147       0x34 C:/ST/STM32CubeIDE_1.18.1/STM32CubeIDE/plugins/com.st.stm32cube.ide.mcu.externaltools.gnu-tools-for-stm32.13.3.rel1.win32_1.0.0.202411081344/tools/bin/../lib/gcc/arm-none-eabi/13.3.1/../../../../arm-none-eabi/lib/thumb/v7e-m+fp/hard\libc_nano.a(libc_a-init.o)
 .ARM.attributes
                0x0000017b       0x17 C:/ST/STM32CubeIDE_1.18.1/STM32CubeIDE/plugins/com.st.stm32cube.ide.mcu.externaltools.gnu-tools-for-stm32.13.3.rel1.win32_1.0.0.202411081344/tools/bin/../lib/gcc/arm-none-eabi/13.3.1/../../../../arm-none-eabi/lib/thumb/v7e-m+fp/hard\libc_nano.a(libc_a-strlen.o)
 .ARM.attributes
                0x00000192       0x22 C:/ST/STM32CubeIDE_1.18.1/STM32CubeIDE/plugins/com.st.stm32cube.ide.mcu.externaltools.gnu-tools-for-stm32.13.3.rel1.win32_1.0.0.202411081344/tools/bin/../lib/gcc/arm-none-eabi/13.3.1/thumb/v7e-m+fp/hard/crtn.o
OUTPUT(miniOS.elf elf32-littlearm)
LOAD linker stubs
LOAD C:/ST/STM32CubeIDE_1.18.1/STM32CubeIDE/plugins/com.st.stm32cube.ide.mcu.externaltools.gnu-tools-for-stm32.13.3.rel1.win32_1.0.0.202411081344/tools/bin/../lib/gcc/arm-none-eabi/13.3.1/../../../../arm-none-eabi/lib/thumb/v7e-m+fp/hard\libc.a
LOAD C:/ST/STM32CubeIDE_1.18.1/STM32CubeIDE/plugins/com.st.stm32cube.ide.mcu.externaltools.gnu-tools-for-stm32.13.3.rel1.win32_1.0.0.202411081344/tools/bin/../lib/gcc/arm-none-eabi/13.3.1/../../../../arm-none-eabi/lib/thumb/v7e-m+fp/hard\libm.a
LOAD C:/ST/STM32CubeIDE_1.18.1/STM32CubeIDE/plugins/com.st.stm32cube.ide.mcu.externaltools.gnu-tools-for-stm32.13.3.rel1.win32_1.0.0.202411081344/tools/bin/../lib/gcc/arm-none-eabi/13.3.1/thumb/v7e-m+fp/hard\libgcc.a

.debug_info     0x00000000     0x1cf3
 .debug_info    0x00000000      0x706 ./Src/gpio.o
 .debug_info    0x00000706      0x88b ./Src/main.o
 .debug_info    0x00000f91      0x39c ./Src/systick.o
 .debug_info    0x0000132d      0x996 ./Src/uart.o
 .debug_info    0x00001cc3       0x30 ./Startup/startup_stm32f446retx.o

.debug_abbrev   0x00000000      0x9f9
 .debug_abbrev  0x00000000      0x1e9 ./Src/gpio.o
 .debug_abbrev  0x000001e9      0x2a6 ./Src/main.o
 .debug_abbrev  0x0000048f      0x26f ./Src/systick.o
 .debug_abbrev  0x000006fe      0x2d7 ./Src/uart.o
 .debug_abbrev  0x000009d5       0x24 ./Startup/startup_stm32f446retx.o

.debug_aranges  0x00000000      0x188
 .debug_aranges
                0x00000000       0x70 ./Src/gpio.o
 .debug_aranges
                0x00000070       0x40 ./Src/main.o
 .debug_aranges
                0x000000b0       0x58 ./Src/systick.o
 .debug_aranges
                0x00000108       0x58 ./Src/uart.o
 .debug_aranges
                0x00000160       0x28 ./Startup/startup_stm32f446retx.o

.debug_rnglists
                0x00000000      0x111
 .debug_rnglists
                0x00000000       0x51 ./Src/gpio.o
 .debug_rnglists
                0x00000051       0x2b ./Src/main.o
 .debug_rnglists
                0x0000007c       0x3f ./Src/systick.o
 .debug_rnglists
                0x000000bb       0x3d ./Src/uart.o
 .debug_rnglists
                0x000000f8       0x19 ./Startup/startup_stm32f446retx.o

.debug_macro    0x00000000     0x211d
 .debug_macro   0x00000000       0x84 ./Src/gpio.o
 .debug_macro   0x00000084      0xbbc ./Src/gpio.o
 .debug_macro   0x00000c40       0x1c ./Src/gpio.o
 .debug_macro   0x00000c5c       0x22 ./Src/gpio.o
 .debug_macro   0x00000c7e       0x8e ./Src/gpio.o
 .debug_macro   0x00000d0c       0x51 ./Src/gpio.o
 .debug_macro   0x00000d5d      0x103 ./Src/gpio.o
 .debug_macro   0x00000e60       0x6a ./Src/gpio.o
 .debug_macro   0x00000eca      0x1df ./Src/gpio.o
 .debug_macro   0x000010a9       0x85 ./Src/main.o
 .debug_macro   0x0000112e       0x3a ./Src/main.o
 .debug_macro   0x00001168       0x8a ./Src/systick.o
 .debug_macro   0x000011f2      0x1da ./Src/uart.o
 .debug_macro   0x000013cc       0x34 ./Src/uart.o
 .debug_macro   0x00001400      0x1f2 ./Src/uart.o
 .debug_macro   0x000015f2       0x10 ./Src/uart.o
 .debug_macro   0x00001602      0x409 ./Src/uart.o
 .debug_macro   0x00001a0b       0x61 ./Src/uart.o
 .debug_macro   0x00001a6c       0x34 ./Src/uart.o
 .debug_macro   0x00001aa0      0x197 ./Src/uart.o
 .debug_macro   0x00001c37      0x38c ./Src/uart.o
 .debug_macro   0x00001fc3       0x4a ./Src/uart.o
 .debug_macro   0x0000200d       0x16 ./Src/uart.o
 .debug_macro   0x00002023       0x10 ./Src/uart.o
 .debug_macro   0x00002033       0x3c ./Src/uart.o
 .debug_macro   0x0000206f       0x20 ./Src/uart.o
 .debug_macro   0x0000208f       0x8e ./Src/uart.o

.debug_line     0x00000000     0x1ab1
 .debug_line    0x00000000      0x70d ./Src/gpio.o
 .debug_line    0x0000070d      0x4a5 ./Src/main.o
 .debug_line    0x00000bb2      0x54e ./Src/systick.o
 .debug_line    0x00001100      0x936 ./Src/uart.o
 .debug_line    0x00001a36       0x7b ./Startup/startup_stm32f446retx.o

.debug_str      0x00000000     0x9db2
 .debug_str     0x00000000     0x9db2 ./Src/gpio.o
                               0x464c (size before relaxing)
 .debug_str     0x00009db2     0x4b0d ./Src/main.o
 .debug_str     0x00009db2     0x44ba ./Src/systick.o
 .debug_str     0x00009db2     0x9c3e ./Src/uart.o
 .debug_str     0x00009db2       0x7c ./Startup/startup_stm32f446retx.o

.comment        0x00000000       0x43
 .comment       0x00000000       0x43 ./Src/gpio.o
                                 0x44 (size before relaxing)
 .comment       0x00000043       0x44 ./Src/main.o
 .comment       0x00000043       0x44 ./Src/systick.o
 .comment       0x00000043       0x44 ./Src/uart.o

.debug_frame    0x00000000      0x4ec
 .debug_frame   0x00000000      0x1b4 ./Src/gpio.o
 .debug_frame   0x000001b4       0xa0 ./Src/main.o
 .debug_frame   0x00000254      0x134 ./Src/systick.o
 .debug_frame   0x00000388      0x138 ./Src/uart.o
 .debug_frame   0x000004c0       0x2c C:/ST/STM32CubeIDE_1.18.1/STM32CubeIDE/plugins/com.st.stm32cube.ide.mcu.externaltools.gnu-tools-for-stm32.13.3.rel1.win32_1.0.0.202411081344/tools/bin/../lib/gcc/arm-none-eabi/13.3.1/../../../../arm-none-eabi/lib/thumb/v7e-m+fp/hard\libc_nano.a(libc_a-init.o)

.debug_line_str
                0x00000000       0x60
 .debug_line_str
                0x00000000       0x60 ./Startup/startup_stm32f446retx.o
