Archive member included to satisfy reference by file (symbol)

C:/ST/STM32CubeIDE_1.18.1/STM32CubeIDE/plugins/com.st.stm32cube.ide.mcu.externaltools.gnu-tools-for-stm32.13.3.rel1.win32_1.0.0.202411081344/tools/bin/../lib/gcc/arm-none-eabi/13.3.1/../../../../arm-none-eabi/lib/thumb/v7e-m+fp/hard\libstdc++_nano.a(new_opv.o)
                              ./Src/uart.o (operator new[](unsigned int))
C:/ST/STM32CubeIDE_1.18.1/STM32CubeIDE/plugins/com.st.stm32cube.ide.mcu.externaltools.gnu-tools-for-stm32.13.3.rel1.win32_1.0.0.202411081344/tools/bin/../lib/gcc/arm-none-eabi/13.3.1/../../../../arm-none-eabi/lib/thumb/v7e-m+fp/hard\libstdc++_nano.a(new_op.o)
                              C:/ST/STM32CubeIDE_1.18.1/STM32CubeIDE/plugins/com.st.stm32cube.ide.mcu.externaltools.gnu-tools-for-stm32.13.3.rel1.win32_1.0.0.202411081344/tools/bin/../lib/gcc/arm-none-eabi/13.3.1/../../../../arm-none-eabi/lib/thumb/v7e-m+fp/hard\libstdc++_nano.a(new_opv.o) (operator new(unsigned int))
C:/ST/STM32CubeIDE_1.18.1/STM32CubeIDE/plugins/com.st.stm32cube.ide.mcu.externaltools.gnu-tools-for-stm32.13.3.rel1.win32_1.0.0.202411081344/tools/bin/../lib/gcc/arm-none-eabi/13.3.1/../../../../arm-none-eabi/lib/thumb/v7e-m+fp/hard\libstdc++_nano.a(new_handler.o)
                              C:/ST/STM32CubeIDE_1.18.1/STM32CubeIDE/plugins/com.st.stm32cube.ide.mcu.externaltools.gnu-tools-for-stm32.13.3.rel1.win32_1.0.0.202411081344/tools/bin/../lib/gcc/arm-none-eabi/13.3.1/../../../../arm-none-eabi/lib/thumb/v7e-m+fp/hard\libstdc++_nano.a(new_op.o) (std::get_new_handler())
C:/ST/STM32CubeIDE_1.18.1/STM32CubeIDE/plugins/com.st.stm32cube.ide.mcu.externaltools.gnu-tools-for-stm32.13.3.rel1.win32_1.0.0.202411081344/tools/bin/../lib/gcc/arm-none-eabi/13.3.1/../../../../arm-none-eabi/lib/thumb/v7e-m+fp/hard\libc_nano.a(libc_a-abort.o)
                              C:/ST/STM32CubeIDE_1.18.1/STM32CubeIDE/plugins/com.st.stm32cube.ide.mcu.externaltools.gnu-tools-for-stm32.13.3.rel1.win32_1.0.0.202411081344/tools/bin/../lib/gcc/arm-none-eabi/13.3.1/../../../../arm-none-eabi/lib/thumb/v7e-m+fp/hard\libstdc++_nano.a(new_op.o) (abort)
C:/ST/STM32CubeIDE_1.18.1/STM32CubeIDE/plugins/com.st.stm32cube.ide.mcu.externaltools.gnu-tools-for-stm32.13.3.rel1.win32_1.0.0.202411081344/tools/bin/../lib/gcc/arm-none-eabi/13.3.1/../../../../arm-none-eabi/lib/thumb/v7e-m+fp/hard\libc_nano.a(libc_a-exit.o)
                              C:/ST/STM32CubeIDE_1.18.1/STM32CubeIDE/plugins/com.st.stm32cube.ide.mcu.externaltools.gnu-tools-for-stm32.13.3.rel1.win32_1.0.0.202411081344/tools/bin/../lib/gcc/arm-none-eabi/13.3.1/../../../../arm-none-eabi/lib/thumb/v7e-m+fp/hard/crt0.o (exit)
C:/ST/STM32CubeIDE_1.18.1/STM32CubeIDE/plugins/com.st.stm32cube.ide.mcu.externaltools.gnu-tools-for-stm32.13.3.rel1.win32_1.0.0.202411081344/tools/bin/../lib/gcc/arm-none-eabi/13.3.1/../../../../arm-none-eabi/lib/thumb/v7e-m+fp/hard\libc_nano.a(libc_a-malloc.o)
                              C:/ST/STM32CubeIDE_1.18.1/STM32CubeIDE/plugins/com.st.stm32cube.ide.mcu.externaltools.gnu-tools-for-stm32.13.3.rel1.win32_1.0.0.202411081344/tools/bin/../lib/gcc/arm-none-eabi/13.3.1/../../../../arm-none-eabi/lib/thumb/v7e-m+fp/hard\libstdc++_nano.a(new_op.o) (malloc)
C:/ST/STM32CubeIDE_1.18.1/STM32CubeIDE/plugins/com.st.stm32cube.ide.mcu.externaltools.gnu-tools-for-stm32.13.3.rel1.win32_1.0.0.202411081344/tools/bin/../lib/gcc/arm-none-eabi/13.3.1/../../../../arm-none-eabi/lib/thumb/v7e-m+fp/hard\libc_nano.a(libc_a-mallocr.o)
                              C:/ST/STM32CubeIDE_1.18.1/STM32CubeIDE/plugins/com.st.stm32cube.ide.mcu.externaltools.gnu-tools-for-stm32.13.3.rel1.win32_1.0.0.202411081344/tools/bin/../lib/gcc/arm-none-eabi/13.3.1/../../../../arm-none-eabi/lib/thumb/v7e-m+fp/hard\libc_nano.a(libc_a-malloc.o) (_malloc_r)
C:/ST/STM32CubeIDE_1.18.1/STM32CubeIDE/plugins/com.st.stm32cube.ide.mcu.externaltools.gnu-tools-for-stm32.13.3.rel1.win32_1.0.0.202411081344/tools/bin/../lib/gcc/arm-none-eabi/13.3.1/../../../../arm-none-eabi/lib/thumb/v7e-m+fp/hard\libc_nano.a(libc_a-mlock.o)
                              C:/ST/STM32CubeIDE_1.18.1/STM32CubeIDE/plugins/com.st.stm32cube.ide.mcu.externaltools.gnu-tools-for-stm32.13.3.rel1.win32_1.0.0.202411081344/tools/bin/../lib/gcc/arm-none-eabi/13.3.1/../../../../arm-none-eabi/lib/thumb/v7e-m+fp/hard\libc_nano.a(libc_a-mallocr.o) (__malloc_lock)
C:/ST/STM32CubeIDE_1.18.1/STM32CubeIDE/plugins/com.st.stm32cube.ide.mcu.externaltools.gnu-tools-for-stm32.13.3.rel1.win32_1.0.0.202411081344/tools/bin/../lib/gcc/arm-none-eabi/13.3.1/../../../../arm-none-eabi/lib/thumb/v7e-m+fp/hard\libc_nano.a(libc_a-findfp.o)
                              C:/ST/STM32CubeIDE_1.18.1/STM32CubeIDE/plugins/com.st.stm32cube.ide.mcu.externaltools.gnu-tools-for-stm32.13.3.rel1.win32_1.0.0.202411081344/tools/bin/../lib/gcc/arm-none-eabi/13.3.1/../../../../arm-none-eabi/lib/thumb/v7e-m+fp/hard\libc_nano.a(libc_a-exit.o) (__stdio_exit_handler)
[...]
Memory Configuration

Name             Origin             Length             Attributes
RAM              0x20000000         0x00020000         xrw
FLASH            0x08000000         0x00080000         xr
*default*        0x00000000         0xffffffff

Linker script and memory map

LOAD C:/ST/STM32CubeIDE_1.18.1/STM32CubeIDE/plugins/com.st.stm32cube.ide.mcu.externaltools.gnu-tools-for-stm32.13.3.rel1.win32_1.0.0.202411081344/tools/bin/../lib/gcc/arm-none-eabi/13.3.1/thumb/v7e-m+fp/hard/crti.o
LOAD C:/ST/STM32CubeIDE_1.18.1/STM32CubeIDE/plugins/com.st.stm32cube.ide.mcu.externaltools.gnu-tools-for-stm32.13.3.rel1.win32_1.0.0.202411081344/tools/bin/../lib/gcc/arm-none-eabi/13.3.1/thumb/v7e-m+fp/hard/crtbegin.o
LOAD C:/ST/STM32CubeIDE_1.18.1/STM32CubeIDE/plugins/com.st.stm32cube.ide.mcu.externaltools.gnu-tools-for-stm32.13.3.rel1.win32_1.0.0.202411081344/tools/bin/../lib/gcc/arm-none-eabi/13.3.1/../../../../arm-none-eabi/lib/thumb/v7e-m+fp/hard/crt0.o
LOAD ./Src/CLI/CLI.o
LOAD ./Src/CLI/Manager.o
LOAD ./Src/gpio.o
LOAD ./Src/main.o
LOAD ./Src/syscalls.o
LOAD ./Src/sysmem.o
LOAD ./Src/systick.o
LOAD ./Src/uart.o
LOAD ./Startup/startup_stm32f446retx.o
START GROUP
LOAD C:/ST/STM32CubeIDE_1.18.1/STM32CubeIDE/plugins/com.st.stm32cube.ide.mcu.externaltools.gnu-tools-for-stm32.13.3.rel1.win32_1.0.0.202411081344/tools/bin/../lib/gcc/arm-none-eabi/13.3.1/../../../../arm-none-eabi/lib/thumb/v7e-m+fp/hard\libstdc++_nano.a
LOAD C:/ST/STM32CubeIDE_1.18.1/STM32CubeIDE/plugins/com.st.stm32cube.ide.mcu.externaltools.gnu-tools-for-stm32.13.3.rel1.win32_1.0.0.202411081344/tools/bin/../lib/gcc/arm-none-eabi/13.3.1/../../../../arm-none-eabi/lib/thumb/v7e-m+fp/hard\libsupc++_nano.a
END GROUP
LOAD C:/ST/STM32CubeIDE_1.18.1/STM32CubeIDE/plugins/com.st.stm32cube.ide.mcu.externaltools.gnu-tools-for-stm32.13.3.rel1.win32_1.0.0.202411081344/tools/bin/../lib/gcc/arm-none-eabi/13.3.1/../../../../arm-none-eabi/lib/thumb/v7e-m+fp/hard\libstdc++_nano.a
LOAD C:/ST/STM32CubeIDE_1.18.1/STM32CubeIDE/plugins/com.st.stm32cube.ide.mcu.externaltools.gnu-tools-for-stm32.13.3.rel1.win32_1.0.0.202411081344/tools/bin/../lib/gcc/arm-none-eabi/13.3.1/../../../../arm-none-eabi/lib/thumb/v7e-m+fp/hard\libm.a
LOAD C:/ST/STM32CubeIDE_1.18.1/STM32CubeIDE/plugins/com.st.stm32cube.ide.mcu.externaltools.gnu-tools-for-stm32.13.3.rel1.win32_1.0.0.202411081344/tools/bin/../lib/gcc/arm-none-eabi/13.3.1/../../../../arm-none-eabi/lib/thumb/v7e-m+fp/hard\libc_nano.a
START GROUP
LOAD C:/ST/STM32CubeIDE_1.18.1/STM32CubeIDE/plugins/com.st.stm32cube.ide.mcu.externaltools.gnu-tools-for-stm32.13.3.rel1.win32_1.0.0.202411081344/tools/bin/../lib/gcc/arm-none-eabi/13.3.1/thumb/v7e-m+fp/hard\libgcc.a
LOAD C:/ST/STM32CubeIDE_1.18.1/STM32CubeIDE/plugins/com.st.stm32cube.ide.mcu.externaltools.gnu-tools-for-stm32.13.3.rel1.win32_1.0.0.202411081344/tools/bin/../lib/gcc/arm-none-eabi/13.3.1/../../../../arm-none-eabi/lib/thumb/v7e-m+fp/hard\libc_nano.a
END GROUP
START GROUP
LOAD C:/ST/STM32CubeIDE_1.18.1/STM32CubeIDE/plugins/com.st.stm32cube.ide.mcu.externaltools.gnu-tools-for-stm32.13.3.rel1.win32_1.0.0.202411081344/tools/bin/../lib/gcc/arm-none-eabi/13.3.1/thumb/v7e-m+fp/hard\libgcc.a
LOAD C:/ST/STM32CubeIDE_1.18.1/STM32CubeIDE/plugins/com.st.stm32cube.ide.mcu.externaltools.gnu-tools-for-stm32.13.3.rel1.win32_1.0.0.202411081344/tools/bin/../lib/gcc/arm-none-eabi/13.3.1/../../../../arm-none-eabi/lib/thumb/v7e-m+fp/hard\libc_nano.a
LOAD C:/ST/STM32CubeIDE_1.18.1/STM32CubeIDE/plugins/com.st.stm32cube.ide.mcu.externaltools.gnu-tools-for-stm32.13.3.rel1.win32_1.0.0.202411081344/tools/bin/../lib/gcc/arm-none-eabi/13.3.1/../../../../arm-none-eabi/lib/thumb/v7e-m+fp/hard\libnosys.a
END GROUP
START GROUP
LOAD C:/ST/STM32CubeIDE_1.18.1/STM32CubeIDE/plugins/com.st.stm32cube.ide.mcu.externaltools.gnu-tools-for-stm32.13.3.rel1.win32_1.0.0.202411081344/tools/bin/../lib/gcc/arm-none-eabi/13.3.1/thumb/v7e-m+fp/hard\libgcc.a
LOAD C:/ST/STM32CubeIDE_1.18.1/STM32CubeIDE/plugins/com.st.stm32cube.ide.mcu.externaltools.gnu-tools-for-stm32.13.3.rel1.win32_1.0.0.202411081344/tools/bin/../lib/gcc/arm-none-eabi/13.3.1/../../../../arm-none-eabi/lib/thumb/v7e-m+fp/hard\libc_nano.a
LOAD C:/ST/STM32CubeIDE_1.18.1/STM32CubeIDE/plugins/com.st.stm32cube.ide.mcu.externaltools.gnu-tools-for-stm32.13.3.rel1.win32_1.0.0.202411081344/tools/bin/../lib/gcc/arm-none-eabi/13.3.1/../../../../arm-none-eabi/lib/thumb/v7e-m+fp/hard\libnosys.a
END GROUP
LOAD C:/ST/STM32CubeIDE_1.18.1/STM32CubeIDE/plugins/com.st.stm32cube.ide.mcu.externaltools.gnu-tools-for-stm32.13.3.rel1.win32_1.0.0.202411081344/tools/bin/../lib/gcc/arm-none-eabi/13.3.1/thumb/v7e-m+fp/hard/crtend.o
LOAD C:/ST/STM32CubeIDE_1.18.1/STM32CubeIDE/plugins/com.st.stm32cube.ide.mcu.externaltools.gnu-tools-for-stm32.13.3.rel1.win32_1.0.0.202411081344/tools/bin/../lib/gcc/arm-none-eabi/13.3.1/thumb/v7e-m+fp/hard/crtn.o
                0x20020000                        _estack = (ORIGIN (RAM) + LENGTH (RAM))
                0x00000200                        _Min_Heap_Size = 0x200
                0x00000400                        _Min_Stack_Size = 0x400

.isr_vector     0x08000000      0x1c4
                0x08000000                        . = ALIGN (0x4)
 *(.isr_vector)
 .isr_vector    0x08000000      0x1c4 ./Startup/startup_stm32f446retx.o
                0x08000000                g_pfnVectors
                0x080001c4                        . = ALIGN (0x4)

.text           0x080001c4      0xb60
                0x080001c4                        . = ALIGN (0x4)
 *(.text)
 .text          0x080001c4       0x40 C:/ST/STM32CubeIDE_1.18.1/STM32CubeIDE/plugins/com.st.stm32cube.ide.mcu.externaltools.gnu-tools-for-stm32.13.3.rel1.win32_1.0.0.202411081344/tools/bin/../lib/gcc/arm-none-eabi/13.3.1/thumb/v7e-m+fp/hard/crtbegin.o
 .text          0x08000204       0x10 C:/ST/STM32CubeIDE_1.18.1/STM32CubeIDE/plugins/com.st.stm32cube.ide.mcu.externaltools.gnu-tools-for-stm32.13.3.rel1.win32_1.0.0.202411081344/tools/bin/../lib/gcc/arm-none-eabi/13.3.1/../../../../arm-none-eabi/lib/thumb/v7e-m+fp/hard\libc_nano.a(libc_a-strlen.o)
                0x08000204                strlen
 *(.text*)
 .text._ZN7Manager16connect_to_usartEP4UART
                0x08000214       0x34 ./Src/CLI/Manager.o
                0x08000214                Manager::connect_to_usart(UART*)
 .text._ZN7Manager13send_responseEPc
                0x08000248       0x1e ./Src/CLI/Manager.o
                0x08000248                Manager::send_response(char*)
 *fill*         0x08000266        0x2 
 .text._ZN7Manager16manage_read_byteEm
                0x08000268       0xb8 ./Src/CLI/Manager.o
                0x08000268                Manager::manage_read_byte(unsigned long)
 .text._ZN4GPIOC2E6port_t
                0x08000320       0x34 ./Src/gpio.o
                0x08000320                GPIO::GPIO(port_t)
                0x08000320                GPIO::GPIO(port_t)
 .text._ZN4GPIO6enableEv
                0x08000354       0x24 ./Src/gpio.o
                0x08000354                GPIO::enable()
 .text._ZN4GPIO9pin_setupE5pin_t6mode_t14alt_function_t
                0x08000378       0xba ./Src/gpio.o
                0x08000378                GPIO::pin_setup(pin_t, mode_t, alt_function_t)
 *fill*         0x08000432        0x2 
 .text._ZN4GPIO8set_maskE5pin_t6mode_t
                0x08000434       0x74 ./Src/gpio.o
                0x08000434                GPIO::set_mask(pin_t, mode_t)
 .text._ZN4GPIO8set_maskE5pin_t14alt_function_t
                0x080004a8       0x2e ./Src/gpio.o
                0x080004a8                GPIO::set_mask(pin_t, alt_function_t)
 .text.main     0x080004d6        0xe ./Src/main.o
                0x080004d6                main
 .text._Z9uart_testv
                0x080004e4       0x42 ./Src/main.o
                0x080004e4                uart_test()
 *fill*         0x08000526        0x2 
 .text._Z41__static_initialization_and_destruction_0v
                0x08000528       0x14 ./Src/main.o
 .text._GLOBAL__sub_I_GPIOA
                0x0800053c        0xa ./Src/main.o
 .text._getpid  0x08000546       0x10 ./Src/syscalls.o
                0x08000546                _getpid
 .text._kill    0x08000556       0x20 ./Src/syscalls.o
                0x08000556                _kill
 .text._exit    0x08000576       0x16 ./Src/syscalls.o
                0x08000576                _exit
 .text._sbrk    0x0800058c       0x6c ./Src/sysmem.o
                0x0800058c                _sbrk
 .text.SysTick_Handler
                0x080005f8       0x1c ./Src/systick.o
                0x080005f8                SysTick_Handler
 .text._ZN7Systick15configure_timerEi
                0x08000614       0x34 ./Src/systick.o
                0x08000614                Systick::configure_timer(int)
 .text._ZN7Systick6enableEv
                0x08000648       0x24 ./Src/systick.o
                0x08000648                Systick::enable()
 .text._ZN7Systick7disableEv
                0x0800066c       0x20 ./Src/systick.o
                0x0800066c                Systick::disable()
 .text._ZN7Systick8tick_allEv
                0x0800068c       0xb4 ./Src/systick.o
                0x0800068c                Systick::tick_all()
 .text._ZN4UARTC2E11usart_num_t
                0x08000740       0x5c ./Src/uart.o
                0x08000740                UART::UART(usart_num_t)
                0x08000740                UART::UART(usart_num_t)
 .text._ZN4UART6enableEv
                0x0800079c       0x44 ./Src/uart.o
                0x0800079c                UART::enable()
 .text._ZN4UART14configure_pinsEv
                0x080007e0       0x4e ./Src/uart.o
                0x080007e0                UART::configure_pins()
 *fill*         0x0800082e        0x2 
 .text._ZN4UART9configureE18usart_rec_buffer_t
                0x08000830       0x9c ./Src/uart.o
                0x08000830                UART::configure(usart_rec_buffer_t)
 .text.USART2_IRQHandler
                0x080008cc       0x64 ./Src/uart.o
                0x080008cc                USART2_IRQHandler
 .text._ZN4UART17send_byte_handlerEv
                0x08000930       0x72 ./Src/uart.o
                0x08000930                UART::send_byte_handler()
 .text._ZN4UART4sendEPc
                0x080009a2       0x42 ./Src/uart.o
                0x080009a2                UART::send(char*)
 .text._ZN4UART9read_byteEv
                0x080009e4       0x24 ./Src/uart.o
                0x080009e4                UART::read_byte()
 .text.Reset_Handler
                0x08000a08       0x50 ./Startup/startup_stm32f446retx.o
                0x08000a08                Reset_Handler
 .text.Default_Handler
                0x08000a58        0x2 ./Startup/startup_stm32f446retx.o
                0x08000a58                RTC_Alarm_IRQHandler
                0x08000a58                EXTI2_IRQHandler
                0x08000a58                TIM8_CC_IRQHandler
                0x08000a58                SPDIF_Rx_IRQHandler
                0x08000a58                DebugMon_Handler
                0x08000a58                SPI4_IRQHandler
                0x08000a58                TIM1_CC_IRQHandler
                0x08000a58                QuadSPI_IRQHandler
                0x08000a58                DMA2_Stream5_IRQHandler
                0x08000a58                HardFault_Handler
                0x08000a58                DMA1_Stream5_IRQHandler
                0x08000a58                PVD_IRQHandler
                0x08000a58                SDIO_IRQHandler
                0x08000a58                TAMP_STAMP_IRQHandler
                0x08000a58                PendSV_Handler
                0x08000a58                NMI_Handler
                0x08000a58                CAN2_RX1_IRQHandler
                0x08000a58                EXTI3_IRQHandler
                0x08000a58                TIM8_TRG_COM_TIM14_IRQHandler
                0x08000a58                TIM1_UP_TIM10_IRQHandler
                0x08000a58                FMPI2C1_error_IRQHandler
                0x08000a58                TIM8_UP_TIM13_IRQHandler
                0x08000a58                I2C3_ER_IRQHandler
                0x08000a58                EXTI0_IRQHandler
                0x08000a58                I2C2_EV_IRQHandler
                0x08000a58                DMA1_Stream2_IRQHandler
                0x08000a58                CAN1_RX0_IRQHandler
                0x08000a58                OTG_HS_WKUP_IRQHandler
                0x08000a58                UsageFault_Handler
                0x08000a58                CAN2_SCE_IRQHandler
                0x08000a58                DMA2_Stream2_IRQHandler
                0x08000a58                SPI1_IRQHandler
                0x08000a58                TIM6_DAC_IRQHandler
                0x08000a58                TIM1_BRK_TIM9_IRQHandler
                0x08000a58                DCMI_IRQHandler
                0x08000a58                CAN2_RX0_IRQHandler
                0x08000a58                DMA2_Stream3_IRQHandler
                0x08000a58                FMPI2C1_IRQHandler
                0x08000a58                SAI2_IRQHandler
                0x08000a58                USART6_IRQHandler
                0x08000a58                USART3_IRQHandler
                0x08000a58                CAN1_RX1_IRQHandler
                0x08000a58                UART5_IRQHandler
                0x08000a58                DMA2_Stream0_IRQHandler
                0x08000a58                TIM4_IRQHandler
                0x08000a58                I2C1_EV_IRQHandler
                0x08000a58                HDMI_CEC_IRQHandler
                0x08000a58                DMA1_Stream6_IRQHandler
                0x08000a58                DMA1_Stream1_IRQHandler
                0x08000a58                UART4_IRQHandler
                0x08000a58                TIM3_IRQHandler
                0x08000a58                RCC_IRQHandler
                0x08000a58                TIM8_BRK_TIM12_IRQHandler
                0x08000a58                Default_Handler
                0x08000a58                EXTI15_10_IRQHandler
                0x08000a58                ADC_IRQHandler
                0x08000a58                DMA1_Stream7_IRQHandler
                0x08000a58                TIM7_IRQHandler
                0x08000a58                CAN2_TX_IRQHandler
                0x08000a58                TIM5_IRQHandler
                0x08000a58                DMA2_Stream7_IRQHandler
                0x08000a58                I2C3_EV_IRQHandler
                0x08000a58                EXTI9_5_IRQHandler
                0x08000a58                RTC_WKUP_IRQHandler
                0x08000a58                SPI2_IRQHandler
                0x08000a58                OTG_HS_EP1_IN_IRQHandler
                0x08000a58                MemManage_Handler
                0x08000a58                DMA1_Stream0_IRQHandler
                0x08000a58                CAN1_TX_IRQHandler
                0x08000a58                SVC_Handler
                0x08000a58                EXTI4_IRQHandler
                0x08000a58                OTG_HS_EP1_OUT_IRQHandler
                0x08000a58                WWDG_IRQHandler
                0x08000a58                TIM2_IRQHandler
                0x08000a58                OTG_FS_WKUP_IRQHandler
                0x08000a58                TIM1_TRG_COM_TIM11_IRQHandler
                0x08000a58                OTG_HS_IRQHandler
                0x08000a58                EXTI1_IRQHandler
                0x08000a58                I2C2_ER_IRQHandler
                0x08000a58                DMA2_Stream1_IRQHandler
                0x08000a58                CAN1_SCE_IRQHandler
                0x08000a58                FLASH_IRQHandler
                0x08000a58                DMA2_Stream4_IRQHandler
                0x08000a58                BusFault_Handler
                0x08000a58                USART1_IRQHandler
                0x08000a58                OTG_FS_IRQHandler
                0x08000a58                SPI3_IRQHandler
                0x08000a58                DMA1_Stream4_IRQHandler
                0x08000a58                I2C1_ER_IRQHandler
                0x08000a58                FMC_IRQHandler
                0x08000a58                DMA2_Stream6_IRQHandler
                0x08000a58                SAI1_IRQHandler
                0x08000a58                DMA1_Stream3_IRQHandler
 .text._Znaj    0x08000a5a        0x4 C:/ST/STM32CubeIDE_1.18.1/STM32CubeIDE/plugins/com.st.stm32cube.ide.mcu.externaltools.gnu-tools-for-stm32.13.3.rel1.win32_1.0.0.202411081344/tools/bin/../lib/gcc/arm-none-eabi/13.3.1/../../../../arm-none-eabi/lib/thumb/v7e-m+fp/hard\libstdc++_nano.a(new_opv.o)
                0x08000a5a                operator new[](unsigned int)
 .text._Znwj    0x08000a5e       0x22 C:/ST/STM32CubeIDE_1.18.1/STM32CubeIDE/plugins/com.st.stm32cube.ide.mcu.externaltools.gnu-tools-for-stm32.13.3.rel1.win32_1.0.0.202411081344/tools/bin/../lib/gcc/arm-none-eabi/13.3.1/../../../../arm-none-eabi/lib/thumb/v7e-m+fp/hard\libstdc++_nano.a(new_op.o)
                0x08000a5e                operator new(unsigned int)
 .text._ZSt15get_new_handlerv
                0x08000a80       0x10 C:/ST/STM32CubeIDE_1.18.1/STM32CubeIDE/plugins/com.st.stm32cube.ide.mcu.externaltools.gnu-tools-for-stm32.13.3.rel1.win32_1.0.0.202411081344/tools/bin/../lib/gcc/arm-none-eabi/13.3.1/../../../../arm-none-eabi/lib/thumb/v7e-m+fp/hard\libstdc++_nano.a(new_handler.o)
                0x08000a80                std::get_new_handler()
 .text.abort    0x08000a90        0xe C:/ST/STM32CubeIDE_1.18.1/STM32CubeIDE/plugins/com.st.stm32cube.ide.mcu.externaltools.gnu-tools-for-stm32.13.3.rel1.win32_1.0.0.202411081344/tools/bin/../lib/gcc/arm-none-eabi/13.3.1/../../../../arm-none-eabi/lib/thumb/v7e-m+fp/hard\libc_nano.a(libc_a-abort.o)
                0x08000a90                abort
 *fill*         0x08000a9e        0x2 
 .text.malloc   0x08000aa0       0x10 C:/ST/STM32CubeIDE_1.18.1/STM32CubeIDE/plugins/com.st.stm32cube.ide.mcu.externaltools.gnu-tools-for-stm32.13.3.rel1.win32_1.0.0.202411081344/tools/bin/../lib/gcc/arm-none-eabi/13.3.1/../../../../arm-none-eabi/lib/thumb/v7e-m+fp/hard\libc_nano.a(libc_a-malloc.o)
                0x08000aa0                malloc
 .text.sbrk_aligned
                0x08000ab0       0x44 C:/ST/STM32CubeIDE_1.18.1/STM32CubeIDE/plugins/com.st.stm32cube.ide.mcu.externaltools.gnu-tools-for-stm32.13.3.rel1.win32_1.0.0.202411081344/tools/bin/../lib/gcc/arm-none-eabi/13.3.1/../../../../arm-none-eabi/lib/thumb/v7e-m+fp/hard\libc_nano.a(libc_a-mallocr.o)
 .text._malloc_r
                0x08000af4      0x100 C:/ST/STM32CubeIDE_1.18.1/STM32CubeIDE/plugins/com.st.stm32cube.ide.mcu.externaltools.gnu-tools-for-stm32.13.3.rel1.win32_1.0.0.202411081344/tools/bin/../lib/gcc/arm-none-eabi/13.3.1/../../../../arm-none-eabi/lib/thumb/v7e-m+fp/hard\libc_nano.a(libc_a-mallocr.o)
                0x08000af4                _malloc_r
 .text.__malloc_lock
                0x08000bf4        0xc C:/ST/STM32CubeIDE_1.18.1/STM32CubeIDE/plugins/com.st.stm32cube.ide.mcu.externaltools.gnu-tools-for-stm32.13.3.rel1.win32_1.0.0.202411081344/tools/bin/../lib/gcc/arm-none-eabi/13.3.1/../../../../arm-none-eabi/lib/thumb/v7e-m+fp/hard\libc_nano.a(libc_a-mlock.o)
                0x08000bf4                __malloc_lock
 .text.__malloc_unlock
                0x08000c00        0xc C:/ST/STM32CubeIDE_1.18.1/STM32CubeIDE/plugins/com.st.stm32cube.ide.mcu.externaltools.gnu-tools-for-stm32.13.3.rel1.win32_1.0.0.202411081344/tools/bin/../lib/gcc/arm-none-eabi/13.3.1/../../../../arm-none-eabi/lib/thumb/v7e-m+fp/hard\libc_nano.a(libc_a-mlock.o)
                0x08000c00                __malloc_unlock
 .text._raise_r
                0x08000c0c       0x50 C:/ST/STM32CubeIDE_1.18.1/STM32CubeIDE/plugins/com.st.stm32cube.ide.mcu.externaltools.gnu-tools-for-stm32.13.3.rel1.win32_1.0.0.202411081344/tools/bin/../lib/gcc/arm-none-eabi/13.3.1/../../../../arm-none-eabi/lib/thumb/v7e-m+fp/hard\libc_nano.a(libc_a-signal.o)
                0x08000c0c                _raise_r
 .text.raise    0x08000c5c       0x10 C:/ST/STM32CubeIDE_1.18.1/STM32CubeIDE/plugins/com.st.stm32cube.ide.mcu.externaltools.gnu-tools-for-stm32.13.3.rel1.win32_1.0.0.202411081344/tools/bin/../lib/gcc/arm-none-eabi/13.3.1/../../../../arm-none-eabi/lib/thumb/v7e-m+fp/hard\libc_nano.a(libc_a-signal.o)
                0x08000c5c                raise
 .text._kill_r  0x08000c6c       0x24 C:/ST/STM32CubeIDE_1.18.1/STM32CubeIDE/plugins/com.st.stm32cube.ide.mcu.externaltools.gnu-tools-for-stm32.13.3.rel1.win32_1.0.0.202411081344/tools/bin/../lib/gcc/arm-none-eabi/13.3.1/../../../../arm-none-eabi/lib/thumb/v7e-m+fp/hard\libc_nano.a(libc_a-signalr.o)
                0x08000c6c                _kill_r
 .text._getpid_r
                0x08000c90        0x4 C:/ST/STM32CubeIDE_1.18.1/STM32CubeIDE/plugins/com.st.stm32cube.ide.mcu.externaltools.gnu-tools-for-stm32.13.3.rel1.win32_1.0.0.202411081344/tools/bin/../lib/gcc/arm-none-eabi/13.3.1/../../../../arm-none-eabi/lib/thumb/v7e-m+fp/hard\libc_nano.a(libc_a-signalr.o)
                0x08000c90                _getpid_r
 .text._sbrk_r  0x08000c94       0x20 C:/ST/STM32CubeIDE_1.18.1/STM32CubeIDE/plugins/com.st.stm32cube.ide.mcu.externaltools.gnu-tools-for-stm32.13.3.rel1.win32_1.0.0.202411081344/tools/bin/../lib/gcc/arm-none-eabi/13.3.1/../../../../arm-none-eabi/lib/thumb/v7e-m+fp/hard\libc_nano.a(libc_a-sbrkr.o)
                0x08000c94                _sbrk_r
 .text.__errno  0x08000cb4        0xc C:/ST/STM32CubeIDE_1.18.1/STM32CubeIDE/plugins/com.st.stm32cube.ide.mcu.externaltools.gnu-tools-for-stm32.13.3.rel1.win32_1.0.0.202411081344/tools/bin/../lib/gcc/arm-none-eabi/13.3.1/../../../../arm-none-eabi/lib/thumb/v7e-m+fp/hard\libc_nano.a(libc_a-errno.o)
                0x08000cb4                __errno
 .text.__libc_init_array
                0x08000cc0       0x48 C:/ST/STM32CubeIDE_1.18.1/STM32CubeIDE/plugins/com.st.stm32cube.ide.mcu.externaltools.gnu-tools-for-stm32.13.3.rel1.win32_1.0.0.202411081344/tools/bin/../lib/gcc/arm-none-eabi/13.3.1/../../../../arm-none-eabi/lib/thumb/v7e-m+fp/hard\libc_nano.a(libc_a-init.o)
                0x08000cc0                __libc_init_array
 .text.__retarget_lock_acquire_recursive
                0x08000d08        0x2 C:/ST/STM32CubeIDE_1.18.1/STM32CubeIDE/plugins/com.st.stm32cube.ide.mcu.externaltools.gnu-tools-for-stm32.13.3.rel1.win32_1.0.0.202411081344/tools/bin/../lib/gcc/arm-none-eabi/13.3.1/../../../../arm-none-eabi/lib/thumb/v7e-m+fp/hard\libc_nano.a(libc_a-lock.o)
                0x08000d08                __retarget_lock_acquire_recursive
 .text.__retarget_lock_release_recursive
                0x08000d0a        0x2 C:/ST/STM32CubeIDE_1.18.1/STM32CubeIDE/plugins/com.st.stm32cube.ide.mcu.externaltools.gnu-tools-for-stm32.13.3.rel1.win32_1.0.0.202411081344/tools/bin/../lib/gcc/arm-none-eabi/13.3.1/../../../../arm-none-eabi/lib/thumb/v7e-m+fp/hard\libc_nano.a(libc_a-lock.o)
                0x08000d0a                __retarget_lock_release_recursive
 *(.glue_7)
 .glue_7        0x08000d0c        0x0 linker stubs
 *(.glue_7t)
 .glue_7t       0x08000d0c        0x0 linker stubs
 *(.eh_frame)
 .eh_frame      0x08000d0c        0x0 C:/ST/STM32CubeIDE_1.18.1/STM32CubeIDE/plugins/com.st.stm32cube.ide.mcu.externaltools.gnu-tools-for-stm32.13.3.rel1.win32_1.0.0.202411081344/tools/bin/../lib/gcc/arm-none-eabi/13.3.1/thumb/v7e-m+fp/hard/crtbegin.o
 *(.init)
 .init          0x08000d0c        0x4 C:/ST/STM32CubeIDE_1.18.1/STM32CubeIDE/plugins/com.st.stm32cube.ide.mcu.externaltools.gnu-tools-for-stm32.13.3.rel1.win32_1.0.0.202411081344/tools/bin/../lib/gcc/arm-none-eabi/13.3.1/thumb/v7e-m+fp/hard/crti.o
                0x08000d0c                _init
 .init          0x08000d10        0x8 C:/ST/STM32CubeIDE_1.18.1/STM32CubeIDE/plugins/com.st.stm32cube.ide.mcu.externaltools.gnu-tools-for-stm32.13.3.rel1.win32_1.0.0.202411081344/tools/bin/../lib/gcc/arm-none-eabi/13.3.1/thumb/v7e-m+fp/hard/crtn.o
 *(.fini)
 .fini          0x08000d18        0x4 C:/ST/STM32CubeIDE_1.18.1/STM32CubeIDE/plugins/com.st.stm32cube.ide.mcu.externaltools.gnu-tools-for-stm32.13.3.rel1.win32_1.0.0.202411081344/tools/bin/../lib/gcc/arm-none-eabi/13.3.1/thumb/v7e-m+fp/hard/crti.o
                0x08000d18                _fini
 .fini          0x08000d1c        0x8 C:/ST/STM32CubeIDE_1.18.1/STM32CubeIDE/plugins/com.st.stm32cube.ide.mcu.externaltools.gnu-tools-for-stm32.13.3.rel1.win32_1.0.0.202411081344/tools/bin/../lib/gcc/arm-none-eabi/13.3.1/thumb/v7e-m+fp/hard/crtn.o
                0x08000d24                        . = ALIGN (0x4)
                0x08000d24                        _etext = .

.vfp11_veneer   0x08000d24        0x0
 .vfp11_veneer  0x08000d24        0x0 linker stubs

.v4_bx          0x08000d24        0x0
 .v4_bx         0x08000d24        0x0 linker stubs

.iplt           0x08000d24        0x0
 .iplt          0x08000d24        0x0 C:/ST/STM32CubeIDE_1.18.1/STM32CubeIDE/plugins/com.st.stm32cube.ide.mcu.externaltools.gnu-tools-for-stm32.13.3.rel1.win32_1.0.0.202411081344/tools/bin/../lib/gcc/arm-none-eabi/13.3.1/thumb/v7e-m+fp/hard/crtbegin.o

.rodata         0x08000d24        0x0
                0x08000d24                        . = ALIGN (0x4)
 *(.rodata)
 *(.rodata*)
                0x08000d24                        . = ALIGN (0x4)

.ARM.extab      0x08000d24        0x0
                0x08000d24                        . = ALIGN (0x4)
 *(.ARM.extab* .gnu.linkonce.armextab.*)
                0x08000d24                        . = ALIGN (0x4)

.ARM            0x08000d24        0x8
                0x08000d24                        . = ALIGN (0x4)
                0x08000d24                        __exidx_start = .
 *(.ARM.exidx*)
 .ARM.exidx     0x08000d24        0x8 C:/ST/STM32CubeIDE_1.18.1/STM32CubeIDE/plugins/com.st.stm32cube.ide.mcu.externaltools.gnu-tools-for-stm32.13.3.rel1.win32_1.0.0.202411081344/tools/bin/../lib/gcc/arm-none-eabi/13.3.1/../../../../arm-none-eabi/lib/thumb/v7e-m+fp/hard\libc_nano.a(libc_a-strlen.o)
                0x08000d2c                        __exidx_end = .
                0x08000d2c                        . = ALIGN (0x4)

.preinit_array  0x08000d2c        0x0
                0x08000d2c                        . = ALIGN (0x4)
                0x08000d2c                        PROVIDE (__preinit_array_start = .)
 *(.preinit_array*)
                0x08000d2c                        PROVIDE (__preinit_array_end = .)
                0x08000d2c                        . = ALIGN (0x4)

.init_array     0x08000d2c        0x8
                0x08000d2c                        . = ALIGN (0x4)
                0x08000d2c                        PROVIDE (__init_array_start = .)
 *(SORT_BY_NAME(.init_array.*))
 *(.init_array*)
 .init_array    0x08000d2c        0x4 C:/ST/STM32CubeIDE_1.18.1/STM32CubeIDE/plugins/com.st.stm32cube.ide.mcu.externaltools.gnu-tools-for-stm32.13.3.rel1.win32_1.0.0.202411081344/tools/bin/../lib/gcc/arm-none-eabi/13.3.1/thumb/v7e-m+fp/hard/crtbegin.o
 .init_array    0x08000d30        0x4 ./Src/main.o
                0x08000d34                        PROVIDE (__init_array_end = .)
                0x08000d34                        . = ALIGN (0x4)

.fini_array     0x08000d34        0x4
                0x08000d34                        . = ALIGN (0x4)
                [!provide]                        PROVIDE (__fini_array_start = .)
 *(SORT_BY_NAME(.fini_array.*))
 *(.fini_array*)
 .fini_array    0x08000d34        0x4 C:/ST/STM32CubeIDE_1.18.1/STM32CubeIDE/plugins/com.st.stm32cube.ide.mcu.externaltools.gnu-tools-for-stm32.13.3.rel1.win32_1.0.0.202411081344/tools/bin/../lib/gcc/arm-none-eabi/13.3.1/thumb/v7e-m+fp/hard/crtbegin.o
                [!provide]                        PROVIDE (__fini_array_end = .)
                0x08000d38                        . = ALIGN (0x4)
                0x08000d38                        _sidata = LOADADDR (.data)

.rel.dyn        0x08000d38        0x0
 .rel.iplt      0x08000d38        0x0 C:/ST/STM32CubeIDE_1.18.1/STM32CubeIDE/plugins/com.st.stm32cube.ide.mcu.externaltools.gnu-tools-for-stm32.13.3.rel1.win32_1.0.0.202411081344/tools/bin/../lib/gcc/arm-none-eabi/13.3.1/thumb/v7e-m+fp/hard/crtbegin.o

.data           0x20000000       0x54 load address 0x08000d38
                0x20000000                        . = ALIGN (0x4)
                0x20000000                        _sdata = .
 *(.data)
 *(.data*)
 .data._ZZN7Manager16manage_read_byteEmE17buffer_open_index
                0x20000000        0x1 ./Src/CLI/Manager.o
 *fill*         0x20000001        0x3 
 .data._impure_ptr
                0x20000004        0x4 C:/ST/STM32CubeIDE_1.18.1/STM32CubeIDE/plugins/com.st.stm32cube.ide.mcu.externaltools.gnu-tools-for-stm32.13.3.rel1.win32_1.0.0.202411081344/tools/bin/../lib/gcc/arm-none-eabi/13.3.1/../../../../arm-none-eabi/lib/thumb/v7e-m+fp/hard\libc_nano.a(libc_a-impure.o)
                0x20000004                _impure_ptr
 .data._impure_data
                0x20000008       0x4c C:/ST/STM32CubeIDE_1.18.1/STM32CubeIDE/plugins/com.st.stm32cube.ide.mcu.externaltools.gnu-tools-for-stm32.13.3.rel1.win32_1.0.0.202411081344/tools/bin/../lib/gcc/arm-none-eabi/13.3.1/../../../../arm-none-eabi/lib/thumb/v7e-m+fp/hard\libc_nano.a(libc_a-impure.o)
                0x20000008                _impure_data
 *(.RamFunc)
 *(.RamFunc*)
                0x20000054                        . = ALIGN (0x4)
                0x20000054                        _edata = .

.igot.plt       0x20000054        0x0 load address 0x08000d8c
 .igot.plt      0x20000054        0x0 C:/ST/STM32CubeIDE_1.18.1/STM32CubeIDE/plugins/com.st.stm32cube.ide.mcu.externaltools.gnu-tools-for-stm32.13.3.rel1.win32_1.0.0.202411081344/tools/bin/../lib/gcc/arm-none-eabi/13.3.1/thumb/v7e-m+fp/hard/crtbegin.o
                0x20000054                        . = ALIGN (0x4)

.bss            0x20000054      0x278 load address 0x08000d8c
                0x20000054                        _sbss = .
                0x20000054                        __bss_start__ = _sbss
 *(.bss)
 .bss           0x20000054       0x1c C:/ST/STM32CubeIDE_1.18.1/STM32CubeIDE/plugins/com.st.stm32cube.ide.mcu.externaltools.gnu-tools-for-stm32.13.3.rel1.win32_1.0.0.202411081344/tools/bin/../lib/gcc/arm-none-eabi/13.3.1/thumb/v7e-m+fp/hard/crtbegin.o
 *(.bss*)
 .bss._ZL14command_buffer
                0x20000070       0x64 ./Src/CLI/Manager.o
 .bss._ZL11echo_buffer
                0x200000d4        0x2 ./Src/CLI/Manager.o
 *fill*         0x200000d6        0x2 
 .bss.GPIOA     0x200000d8        0x8 ./Src/main.o
                0x200000d8                GPIOA
 .bss.__sbrk_heap_end
                0x200000e0        0x4 ./Src/sysmem.o
 .bss.system_tick_ms
                0x200000e4        0x4 ./Src/systick.o
                0x200000e4                system_tick_ms
 .bss._ZN7Systick9subtimersE
                0x200000e8       0x80 ./Src/systick.o
                0x200000e8                Systick::subtimers
 .bss._ZN4UART15usart_instancesE
                0x20000168       0x18 ./Src/uart.o
                0x20000168                UART::usart_instances
 .bss._ZN12_GLOBAL__N_113__new_handlerE
                0x20000180        0x4 C:/ST/STM32CubeIDE_1.18.1/STM32CubeIDE/plugins/com.st.stm32cube.ide.mcu.externaltools.gnu-tools-for-stm32.13.3.rel1.win32_1.0.0.202411081344/tools/bin/../lib/gcc/arm-none-eabi/13.3.1/../../../../arm-none-eabi/lib/thumb/v7e-m+fp/hard\libstdc++_nano.a(new_handler.o)
 .bss.__malloc_sbrk_start
                0x20000184        0x4 C:/ST/STM32CubeIDE_1.18.1/STM32CubeIDE/plugins/com.st.stm32cube.ide.mcu.externaltools.gnu-tools-for-stm32.13.3.rel1.win32_1.0.0.202411081344/tools/bin/../lib/gcc/arm-none-eabi/13.3.1/../../../../arm-none-eabi/lib/thumb/v7e-m+fp/hard\libc_nano.a(libc_a-mallocr.o)
                0x20000184                __malloc_sbrk_start
 .bss.__malloc_free_list
                0x20000188        0x4 C:/ST/STM32CubeIDE_1.18.1/STM32CubeIDE/plugins/com.st.stm32cube.ide.mcu.externaltools.gnu-tools-for-stm32.13.3.rel1.win32_1.0.0.202411081344/tools/bin/../lib/gcc/arm-none-eabi/13.3.1/../../../../arm-none-eabi/lib/thumb/v7e-m+fp/hard\libc_nano.a(libc_a-mallocr.o)
                0x20000188                __malloc_free_list
 .bss.__sf      0x2000018c      0x138 C:/ST/STM32CubeIDE_1.18.1/STM32CubeIDE/plugins/com.st.stm32cube.ide.mcu.externaltools.gnu-tools-for-stm32.13.3.rel1.win32_1.0.0.202411081344/tools/bin/../lib/gcc/arm-none-eabi/13.3.1/../../../../arm-none-eabi/lib/thumb/v7e-m+fp/hard\libc_nano.a(libc_a-findfp.o)
                0x2000018c                __sf
 .bss.errno     0x200002c4        0x4 C:/ST/STM32CubeIDE_1.18.1/STM32CubeIDE/plugins/com.st.stm32cube.ide.mcu.externaltools.gnu-tools-for-stm32.13.3.rel1.win32_1.0.0.202411081344/tools/bin/../lib/gcc/arm-none-eabi/13.3.1/../../../../arm-none-eabi/lib/thumb/v7e-m+fp/hard\libc_nano.a(libc_a-reent.o)
                0x200002c4                errno
 .bss.__lock___malloc_recursive_mutex
                0x200002c8        0x1 C:/ST/STM32CubeIDE_1.18.1/STM32CubeIDE/plugins/com.st.stm32cube.ide.mcu.externaltools.gnu-tools-for-stm32.13.3.rel1.win32_1.0.0.202411081344/tools/bin/../lib/gcc/arm-none-eabi/13.3.1/../../../../arm-none-eabi/lib/thumb/v7e-m+fp/hard\libc_nano.a(libc_a-lock.o)
                0x200002c8                __lock___malloc_recursive_mutex
 *(COMMON)
                0x200002cc                        . = ALIGN (0x4)
 *fill*         0x200002c9        0x3 
                0x200002cc                        _ebss = .
                0x200002cc                        __bss_end__ = _ebss

._user_heap_stack
                0x200002cc      0x604 load address 0x08000d8c
                0x200002d0                        . = ALIGN (0x8)
 *fill*         0x200002cc        0x4 
                [!provide]                        PROVIDE (end = .)
                0x200002d0                        PROVIDE (_end = .)
                0x200004d0                        . = (. + _Min_Heap_Size)
 *fill*         0x200002d0      0x200 
                0x200008d0                        . = (. + _Min_Stack_Size)
 *fill*         0x200004d0      0x400 
                0x200008d0                        . = ALIGN (0x8)

/DISCARD/
 libc.a(*)
 libm.a(*)
 libgcc.a(*)

.ARM.attributes
                0x00000000       0x30
 *(.ARM.attributes)
 .ARM.attributes
                0x00000000       0x22 C:/ST/STM32CubeIDE_1.18.1/STM32CubeIDE/plugins/com.st.stm32cube.ide.mcu.externaltools.gnu-tools-for-stm32.13.3.rel1.win32_1.0.0.202411081344/tools/bin/../lib/gcc/arm-none-eabi/13.3.1/thumb/v7e-m+fp/hard/crti.o
 .ARM.attributes
                0x00000022       0x34 C:/ST/STM32CubeIDE_1.18.1/STM32CubeIDE/plugins/com.st.stm32cube.ide.mcu.externaltools.gnu-tools-for-stm32.13.3.rel1.win32_1.0.0.202411081344/tools/bin/../lib/gcc/arm-none-eabi/13.3.1/thumb/v7e-m+fp/hard/crtbegin.o
 .ARM.attributes
                0x00000056       0x34 ./Src/CLI/Manager.o
 .ARM.attributes
                0x0000008a       0x34 ./Src/gpio.o
 .ARM.attributes
                0x000000be       0x34 ./Src/main.o
 .ARM.attributes
                0x000000f2       0x34 ./Src/syscalls.o
 .ARM.attributes
                0x00000126       0x34 ./Src/sysmem.o
 .ARM.attributes
                0x0000015a       0x34 ./Src/systick.o
 .ARM.attributes
                0x0000018e       0x34 ./Src/uart.o
 .ARM.attributes
                0x000001c2       0x21 ./Startup/startup_stm32f446retx.o
 .ARM.attributes
                0x000001e3       0x34 C:/ST/STM32CubeIDE_1.18.1/STM32CubeIDE/plugins/com.st.stm32cube.ide.mcu.externaltools.gnu-tools-for-stm32.13.3.rel1.win32_1.0.0.202411081344/tools/bin/../lib/gcc/arm-none-eabi/13.3.1/../../../../arm-none-eabi/lib/thumb/v7e-m+fp/hard\libstdc++_nano.a(new_opv.o)
 .ARM.attributes
                0x00000217       0x34 C:/ST/STM32CubeIDE_1.18.1/STM32CubeIDE/plugins/com.st.stm32cube.ide.mcu.externaltools.gnu-tools-for-stm32.13.3.rel1.win32_1.0.0.202411081344/tools/bin/../lib/gcc/arm-none-eabi/13.3.1/../../../../arm-none-eabi/lib/thumb/v7e-m+fp/hard\libstdc++_nano.a(new_op.o)
 .ARM.attributes
                0x0000024b       0x34 C:/ST/STM32CubeIDE_1.18.1/STM32CubeIDE/plugins/com.st.stm32cube.ide.mcu.externaltools.gnu-tools-for-stm32.13.3.rel1.win32_1.0.0.202411081344/tools/bin/../lib/gcc/arm-none-eabi/13.3.1/../../../../arm-none-eabi/lib/thumb/v7e-m+fp/hard\libstdc++_nano.a(new_handler.o)
 .ARM.attributes
                0x0000027f       0x34 C:/ST/STM32CubeIDE_1.18.1/STM32CubeIDE/plugins/com.st.stm32cube.ide.mcu.externaltools.gnu-tools-for-stm32.13.3.rel1.win32_1.0.0.202411081344/tools/bin/../lib/gcc/arm-none-eabi/13.3.1/../../../../arm-none-eabi/lib/thumb/v7e-m+fp/hard\libc_nano.a(libc_a-abort.o)
 .ARM.attributes
                0x000002b3       0x34 C:/ST/STM32CubeIDE_1.18.1/STM32CubeIDE/plugins/com.st.stm32cube.ide.mcu.externaltools.gnu-tools-for-stm32.13.3.rel1.win32_1.0.0.202411081344/tools/bin/../lib/gcc/arm-none-eabi/13.3.1/../../../../arm-none-eabi/lib/thumb/v7e-m+fp/hard\libc_nano.a(libc_a-malloc.o)
 .ARM.attributes
                0x000002e7       0x34 C:/ST/STM32CubeIDE_1.18.1/STM32CubeIDE/plugins/com.st.stm32cube.ide.mcu.externaltools.gnu-tools-for-stm32.13.3.rel1.win32_1.0.0.202411081344/tools/bin/../lib/gcc/arm-none-eabi/13.3.1/../../../../arm-none-eabi/lib/thumb/v7e-m+fp/hard\libc_nano.a(libc_a-mallocr.o)
 .ARM.attributes
                0x0000031b       0x34 C:/ST/STM32CubeIDE_1.18.1/STM32CubeIDE/plugins/com.st.stm32cube.ide.mcu.externaltools.gnu-tools-for-stm32.13.3.rel1.win32_1.0.0.202411081344/tools/bin/../lib/gcc/arm-none-eabi/13.3.1/../../../../arm-none-eabi/lib/thumb/v7e-m+fp/hard\libc_nano.a(libc_a-mlock.o)
 .ARM.attributes
                0x0000034f       0x34 C:/ST/STM32CubeIDE_1.18.1/STM32CubeIDE/plugins/com.st.stm32cube.ide.mcu.externaltools.gnu-tools-for-stm32.13.3.rel1.win32_1.0.0.202411081344/tools/bin/../lib/gcc/arm-none-eabi/13.3.1/../../../../arm-none-eabi/lib/thumb/v7e-m+fp/hard\libc_nano.a(libc_a-findfp.o)
 .ARM.attributes
                0x00000383       0x34 C:/ST/STM32CubeIDE_1.18.1/STM32CubeIDE/plugins/com.st.stm32cube.ide.mcu.externaltools.gnu-tools-for-stm32.13.3.rel1.win32_1.0.0.202411081344/tools/bin/../lib/gcc/arm-none-eabi/13.3.1/../../../../arm-none-eabi/lib/thumb/v7e-m+fp/hard\libc_nano.a(libc_a-signal.o)
 .ARM.attributes
                0x000003b7       0x34 C:/ST/STM32CubeIDE_1.18.1/STM32CubeIDE/plugins/com.st.stm32cube.ide.mcu.externaltools.gnu-tools-for-stm32.13.3.rel1.win32_1.0.0.202411081344/tools/bin/../lib/gcc/arm-none-eabi/13.3.1/../../../../arm-none-eabi/lib/thumb/v7e-m+fp/hard\libc_nano.a(libc_a-reent.o)
 .ARM.attributes
                0x000003eb       0x34 C:/ST/STM32CubeIDE_1.18.1/STM32CubeIDE/plugins/com.st.stm32cube.ide.mcu.externaltools.gnu-tools-for-stm32.13.3.rel1.win32_1.0.0.202411081344/tools/bin/../lib/gcc/arm-none-eabi/13.3.1/../../../../arm-none-eabi/lib/thumb/v7e-m+fp/hard\libc_nano.a(libc_a-impure.o)
 .ARM.attributes
                0x0000041f       0x34 C:/ST/STM32CubeIDE_1.18.1/STM32CubeIDE/plugins/com.st.stm32cube.ide.mcu.externaltools.gnu-tools-for-stm32.13.3.rel1.win32_1.0.0.202411081344/tools/bin/../lib/gcc/arm-none-eabi/13.3.1/../../../../arm-none-eabi/lib/thumb/v7e-m+fp/hard\libc_nano.a(libc_a-signalr.o)
 .ARM.attributes
                0x00000453       0x34 C:/ST/STM32CubeIDE_1.18.1/STM32CubeIDE/plugins/com.st.stm32cube.ide.mcu.externaltools.gnu-tools-for-stm32.13.3.rel1.win32_1.0.0.202411081344/tools/bin/../lib/gcc/arm-none-eabi/13.3.1/../../../../arm-none-eabi/lib/thumb/v7e-m+fp/hard\libc_nano.a(libc_a-sbrkr.o)
 .ARM.attributes
                0x00000487       0x34 C:/ST/STM32CubeIDE_1.18.1/STM32CubeIDE/plugins/com.st.stm32cube.ide.mcu.externaltools.gnu-tools-for-stm32.13.3.rel1.win32_1.0.0.202411081344/tools/bin/../lib/gcc/arm-none-eabi/13.3.1/../../../../arm-none-eabi/lib/thumb/v7e-m+fp/hard\libc_nano.a(libc_a-errno.o)
 .ARM.attributes
                0x000004bb       0x34 C:/ST/STM32CubeIDE_1.18.1/STM32CubeIDE/plugins/com.st.stm32cube.ide.mcu.externaltools.gnu-tools-for-stm32.13.3.rel1.win32_1.0.0.202411081344/tools/bin/../lib/gcc/arm-none-eabi/13.3.1/../../../../arm-none-eabi/lib/thumb/v7e-m+fp/hard\libc_nano.a(libc_a-init.o)
 .ARM.attributes
                0x000004ef       0x34 C:/ST/STM32CubeIDE_1.18.1/STM32CubeIDE/plugins/com.st.stm32cube.ide.mcu.externaltools.gnu-tools-for-stm32.13.3.rel1.win32_1.0.0.202411081344/tools/bin/../lib/gcc/arm-none-eabi/13.3.1/../../../../arm-none-eabi/lib/thumb/v7e-m+fp/hard\libc_nano.a(libc_a-lock.o)
 .ARM.attributes
                0x00000523       0x17 C:/ST/STM32CubeIDE_1.18.1/STM32CubeIDE/plugins/com.st.stm32cube.ide.mcu.externaltools.gnu-tools-for-stm32.13.3.rel1.win32_1.0.0.202411081344/tools/bin/../lib/gcc/arm-none-eabi/13.3.1/../../../../arm-none-eabi/lib/thumb/v7e-m+fp/hard\libc_nano.a(libc_a-strlen.o)
 .ARM.attributes
                0x0000053a       0x22 C:/ST/STM32CubeIDE_1.18.1/STM32CubeIDE/plugins/com.st.stm32cube.ide.mcu.externaltools.gnu-tools-for-stm32.13.3.rel1.win32_1.0.0.202411081344/tools/bin/../lib/gcc/arm-none-eabi/13.3.1/thumb/v7e-m+fp/hard/crtn.o
OUTPUT(miniOS.elf elf32-littlearm)
LOAD linker stubs
LOAD C:/ST/STM32CubeIDE_1.18.1/STM32CubeIDE/plugins/com.st.stm32cube.ide.mcu.externaltools.gnu-tools-for-stm32.13.3.rel1.win32_1.0.0.202411081344/tools/bin/../lib/gcc/arm-none-eabi/13.3.1/../../../../arm-none-eabi/lib/thumb/v7e-m+fp/hard\libc.a
LOAD C:/ST/STM32CubeIDE_1.18.1/STM32CubeIDE/plugins/com.st.stm32cube.ide.mcu.externaltools.gnu-tools-for-stm32.13.3.rel1.win32_1.0.0.202411081344/tools/bin/../lib/gcc/arm-none-eabi/13.3.1/../../../../arm-none-eabi/lib/thumb/v7e-m+fp/hard\libm.a
LOAD C:/ST/STM32CubeIDE_1.18.1/STM32CubeIDE/plugins/com.st.stm32cube.ide.mcu.externaltools.gnu-tools-for-stm32.13.3.rel1.win32_1.0.0.202411081344/tools/bin/../lib/gcc/arm-none-eabi/13.3.1/thumb/v7e-m+fp/hard\libgcc.a

.debug_info     0x00000000     0x3037
 .debug_info    0x00000000      0x8cb ./Src/CLI/Manager.o
 .debug_info    0x000008cb      0x706 ./Src/gpio.o
 .debug_info    0x00000fd1      0x9b0 ./Src/main.o
 .debug_info    0x00001981      0x6a3 ./Src/syscalls.o
 .debug_info    0x00002024      0x168 ./Src/sysmem.o
 .debug_info    0x0000218c      0x39c ./Src/systick.o
 .debug_info    0x00002528      0xadf ./Src/uart.o
 .debug_info    0x00003007       0x30 ./Startup/startup_stm32f446retx.o

.debug_abbrev   0x00000000      0xec3
 .debug_abbrev  0x00000000      0x212 ./Src/CLI/Manager.o
 .debug_abbrev  0x00000212      0x1e9 ./Src/gpio.o
 .debug_abbrev  0x000003fb      0x2c9 ./Src/main.o
 .debug_abbrev  0x000006c4      0x1b6 ./Src/syscalls.o
 .debug_abbrev  0x0000087a       0xbc ./Src/sysmem.o
 .debug_abbrev  0x00000936      0x26f ./Src/systick.o
 .debug_abbrev  0x00000ba5      0x2fa ./Src/uart.o
 .debug_abbrev  0x00000e9f       0x24 ./Startup/startup_stm32f446retx.o

.debug_aranges  0x00000000      0x288
 .debug_aranges
                0x00000000       0x30 ./Src/CLI/Manager.o
 .debug_aranges
                0x00000030       0x70 ./Src/gpio.o
 .debug_aranges
                0x000000a0       0x40 ./Src/main.o
 .debug_aranges
                0x000000e0       0xa8 ./Src/syscalls.o
 .debug_aranges
                0x00000188       0x20 ./Src/sysmem.o
 .debug_aranges
                0x000001a8       0x58 ./Src/systick.o
 .debug_aranges
                0x00000200       0x60 ./Src/uart.o
 .debug_aranges
                0x00000260       0x28 ./Startup/startup_stm32f446retx.o

.debug_rnglists
                0x00000000      0x1c4
 .debug_rnglists
                0x00000000       0x20 ./Src/CLI/Manager.o
 .debug_rnglists
                0x00000020       0x51 ./Src/gpio.o
 .debug_rnglists
                0x00000071       0x2b ./Src/main.o
 .debug_rnglists
                0x0000009c       0x79 ./Src/syscalls.o
 .debug_rnglists
                0x00000115       0x13 ./Src/sysmem.o
 .debug_rnglists
                0x00000128       0x3f ./Src/systick.o
 .debug_rnglists
                0x00000167       0x44 ./Src/uart.o
 .debug_rnglists
                0x000001ab       0x19 ./Startup/startup_stm32f446retx.o

.debug_macro    0x00000000     0x3b48
 .debug_macro   0x00000000       0x99 ./Src/CLI/Manager.o
 .debug_macro   0x00000099       0x1c ./Src/CLI/Manager.o
 .debug_macro   0x000000b5       0x22 ./Src/CLI/Manager.o
 .debug_macro   0x000000d7       0x8e ./Src/CLI/Manager.o
 .debug_macro   0x00000165       0x51 ./Src/CLI/Manager.o
 .debug_macro   0x000001b6      0x103 ./Src/CLI/Manager.o
 .debug_macro   0x000002b9       0x6a ./Src/CLI/Manager.o
 .debug_macro   0x00000323      0x1df ./Src/CLI/Manager.o
 .debug_macro   0x00000502       0x34 ./Src/CLI/Manager.o
 .debug_macro   0x00000536       0x84 ./Src/gpio.o
 .debug_macro   0x000005ba       0x9d ./Src/main.o
 .debug_macro   0x00000657      0x274 ./Src/syscalls.o
 .debug_macro   0x000008cb      0xae4 ./Src/syscalls.o
 .debug_macro   0x000013af       0x5b ./Src/syscalls.o
 .debug_macro   0x0000140a       0x2a ./Src/syscalls.o
 .debug_macro   0x00001434       0x94 ./Src/syscalls.o
 .debug_macro   0x000014c8       0x43 ./Src/syscalls.o
 .debug_macro   0x0000150b       0x34 ./Src/syscalls.o
 .debug_macro   0x0000153f       0x57 ./Src/syscalls.o
 .debug_macro   0x00001596      0x190 ./Src/syscalls.o
 .debug_macro   0x00001726      0x370 ./Src/syscalls.o
 .debug_macro   0x00001a96       0x16 ./Src/syscalls.o
 .debug_macro   0x00001aac       0x4a ./Src/syscalls.o
 .debug_macro   0x00001af6       0x34 ./Src/syscalls.o
 .debug_macro   0x00001b2a       0x10 ./Src/syscalls.o
 .debug_macro   0x00001b3a       0x58 ./Src/syscalls.o
 .debug_macro   0x00001b92       0x8e ./Src/syscalls.o
 .debug_macro   0x00001c20       0x1c ./Src/syscalls.o
 .debug_macro   0x00001c3c      0x185 ./Src/syscalls.o
 .debug_macro   0x00001dc1       0x10 ./Src/syscalls.o
 .debug_macro   0x00001dd1       0x3c ./Src/syscalls.o
 .debug_macro   0x00001e0d       0x10 ./Src/syscalls.o
 .debug_macro   0x00001e1d       0x10 ./Src/syscalls.o
 .debug_macro   0x00001e2d       0x10 ./Src/syscalls.o
 .debug_macro   0x00001e3d       0x1c ./Src/syscalls.o
 .debug_macro   0x00001e59       0x52 ./Src/syscalls.o
 .debug_macro   0x00001eab       0x22 ./Src/syscalls.o
 .debug_macro   0x00001ecd       0x10 ./Src/syscalls.o
 .debug_macro   0x00001edd       0x52 ./Src/syscalls.o
 .debug_macro   0x00001f2f       0xcf ./Src/syscalls.o
 .debug_macro   0x00001ffe       0x1c ./Src/syscalls.o
 .debug_macro   0x0000201a       0x3d ./Src/syscalls.o
 .debug_macro   0x00002057       0x35 ./Src/syscalls.o
 .debug_macro   0x0000208c      0x12c ./Src/syscalls.o
 .debug_macro   0x000021b8       0x16 ./Src/syscalls.o
 .debug_macro   0x000021ce       0x16 ./Src/syscalls.o
 .debug_macro   0x000021e4       0x29 ./Src/syscalls.o
 .debug_macro   0x0000220d       0x10 ./Src/syscalls.o
 .debug_macro   0x0000221d      0x242 ./Src/syscalls.o
 .debug_macro   0x0000245f       0x1c ./Src/syscalls.o
 .debug_macro   0x0000247b       0x10 ./Src/syscalls.o
 .debug_macro   0x0000248b       0x10 ./Src/syscalls.o
 .debug_macro   0x0000249b       0x16 ./Src/syscalls.o
 .debug_macro   0x000024b1      0x146 ./Src/syscalls.o
 .debug_macro   0x000025f7      0x18a ./Src/syscalls.o
 .debug_macro   0x00002781       0x16 ./Src/syscalls.o
 .debug_macro   0x00002797       0xce ./Src/syscalls.o
 .debug_macro   0x00002865      0x112 ./Src/sysmem.o
 .debug_macro   0x00002977      0x23c ./Src/sysmem.o
 .debug_macro   0x00002bb3       0x8a ./Src/systick.o
 .debug_macro   0x00002c3d      0x1ee ./Src/uart.o
 .debug_macro   0x00002e2b      0x1f2 ./Src/uart.o
 .debug_macro   0x0000301d       0x10 ./Src/uart.o
 .debug_macro   0x0000302d      0x409 ./Src/uart.o
 .debug_macro   0x00003436       0x61 ./Src/uart.o
 .debug_macro   0x00003497       0x34 ./Src/uart.o
 .debug_macro   0x000034cb      0x197 ./Src/uart.o
 .debug_macro   0x00003662      0x38c ./Src/uart.o
 .debug_macro   0x000039ee       0x4a ./Src/uart.o
 .debug_macro   0x00003a38       0x16 ./Src/uart.o
 .debug_macro   0x00003a4e       0x10 ./Src/uart.o
 .debug_macro   0x00003a5e       0x3c ./Src/uart.o
 .debug_macro   0x00003a9a       0x20 ./Src/uart.o
 .debug_macro   0x00003aba       0x8e ./Src/uart.o

.debug_line     0x00000000     0x2e84
 .debug_line    0x00000000      0x4ec ./Src/CLI/Manager.o
 .debug_line    0x000004ec      0x70d ./Src/gpio.o
 .debug_line    0x00000bf9      0x4d8 ./Src/main.o
 .debug_line    0x000010d1      0x8a7 ./Src/syscalls.o
 .debug_line    0x00001978      0x583 ./Src/sysmem.o
 .debug_line    0x00001efb      0x54e ./Src/systick.o
 .debug_line    0x00002449      0x9c0 ./Src/uart.o
 .debug_line    0x00002e09       0x7b ./Startup/startup_stm32f446retx.o

.debug_str      0x00000000     0xc9b9
 .debug_str     0x00000000     0xc9b9 ./Src/CLI/Manager.o
                               0x4b0e (size before relaxing)
 .debug_str     0x0000c9b9     0x464c ./Src/gpio.o
 .debug_str     0x0000c9b9     0x4cb0 ./Src/main.o
 .debug_str     0x0000c9b9     0x99ef ./Src/syscalls.o
 .debug_str     0x0000c9b9     0x778d ./Src/sysmem.o
 .debug_str     0x0000c9b9     0x44ba ./Src/systick.o
 .debug_str     0x0000c9b9     0x9e1a ./Src/uart.o
 .debug_str     0x0000c9b9       0x7c ./Startup/startup_stm32f446retx.o

.comment        0x00000000       0x43
 .comment       0x00000000       0x43 ./Src/CLI/Manager.o
                                 0x44 (size before relaxing)
 .comment       0x00000043       0x44 ./Src/gpio.o
 .comment       0x00000043       0x44 ./Src/main.o
 .comment       0x00000043       0x44 ./Src/syscalls.o
 .comment       0x00000043       0x44 ./Src/sysmem.o
 .comment       0x00000043       0x44 ./Src/systick.o
 .comment       0x00000043       0x44 ./Src/uart.o

.debug_frame    0x00000000      0xd40
 .debug_frame   0x00000000       0x80 ./Src/CLI/Manager.o
 .debug_frame   0x00000080      0x1b4 ./Src/gpio.o
 .debug_frame   0x00000234       0xa0 ./Src/main.o
 .debug_frame   0x000002d4      0x2ac ./Src/syscalls.o
 .debug_frame   0x00000580       0x34 ./Src/sysmem.o
 .debug_frame   0x000005b4      0x134 ./Src/systick.o
 .debug_frame   0x000006e8      0x15c ./Src/uart.o
 .debug_frame   0x00000844       0x20 C:/ST/STM32CubeIDE_1.18.1/STM32CubeIDE/plugins/com.st.stm32cube.ide.mcu.externaltools.gnu-tools-for-stm32.13.3.rel1.win32_1.0.0.202411081344/tools/bin/../lib/gcc/arm-none-eabi/13.3.1/../../../../arm-none-eabi/lib/thumb/v7e-m+fp/hard\libstdc++_nano.a(new_opv.o)
 .debug_frame   0x00000864       0x28 C:/ST/STM32CubeIDE_1.18.1/STM32CubeIDE/plugins/com.st.stm32cube.ide.mcu.externaltools.gnu-tools-for-stm32.13.3.rel1.win32_1.0.0.202411081344/tools/bin/../lib/gcc/arm-none-eabi/13.3.1/../../../../arm-none-eabi/lib/thumb/v7e-m+fp/hard\libstdc++_nano.a(new_op.o)
 .debug_frame   0x0000088c       0x30 C:/ST/STM32CubeIDE_1.18.1/STM32CubeIDE/plugins/com.st.stm32cube.ide.mcu.externaltools.gnu-tools-for-stm32.13.3.rel1.win32_1.0.0.202411081344/tools/bin/../lib/gcc/arm-none-eabi/13.3.1/../../../../arm-none-eabi/lib/thumb/v7e-m+fp/hard\libstdc++_nano.a(new_handler.o)
 .debug_frame   0x000008bc       0x28 C:/ST/STM32CubeIDE_1.18.1/STM32CubeIDE/plugins/com.st.stm32cube.ide.mcu.externaltools.gnu-tools-for-stm32.13.3.rel1.win32_1.0.0.202411081344/tools/bin/../lib/gcc/arm-none-eabi/13.3.1/../../../../arm-none-eabi/lib/thumb/v7e-m+fp/hard\libc_nano.a(libc_a-abort.o)
 .debug_frame   0x000008e4       0x30 C:/ST/STM32CubeIDE_1.18.1/STM32CubeIDE/plugins/com.st.stm32cube.ide.mcu.externaltools.gnu-tools-for-stm32.13.3.rel1.win32_1.0.0.202411081344/tools/bin/../lib/gcc/arm-none-eabi/13.3.1/../../../../arm-none-eabi/lib/thumb/v7e-m+fp/hard\libc_nano.a(libc_a-malloc.o)
 .debug_frame   0x00000914       0x50 C:/ST/STM32CubeIDE_1.18.1/STM32CubeIDE/plugins/com.st.stm32cube.ide.mcu.externaltools.gnu-tools-for-stm32.13.3.rel1.win32_1.0.0.202411081344/tools/bin/../lib/gcc/arm-none-eabi/13.3.1/../../../../arm-none-eabi/lib/thumb/v7e-m+fp/hard\libc_nano.a(libc_a-mallocr.o)
 .debug_frame   0x00000964       0x30 C:/ST/STM32CubeIDE_1.18.1/STM32CubeIDE/plugins/com.st.stm32cube.ide.mcu.externaltools.gnu-tools-for-stm32.13.3.rel1.win32_1.0.0.202411081344/tools/bin/../lib/gcc/arm-none-eabi/13.3.1/../../../../arm-none-eabi/lib/thumb/v7e-m+fp/hard\libc_nano.a(libc_a-mlock.o)
 .debug_frame   0x00000994      0x144 C:/ST/STM32CubeIDE_1.18.1/STM32CubeIDE/plugins/com.st.stm32cube.ide.mcu.externaltools.gnu-tools-for-stm32.13.3.rel1.win32_1.0.0.202411081344/tools/bin/../lib/gcc/arm-none-eabi/13.3.1/../../../../arm-none-eabi/lib/thumb/v7e-m+fp/hard\libc_nano.a(libc_a-findfp.o)
 .debug_frame   0x00000ad8       0xcc C:/ST/STM32CubeIDE_1.18.1/STM32CubeIDE/plugins/com.st.stm32cube.ide.mcu.externaltools.gnu-tools-for-stm32.13.3.rel1.win32_1.0.0.202411081344/tools/bin/../lib/gcc/arm-none-eabi/13.3.1/../../../../arm-none-eabi/lib/thumb/v7e-m+fp/hard\libc_nano.a(libc_a-signal.o)
 .debug_frame   0x00000ba4       0x38 C:/ST/STM32CubeIDE_1.18.1/STM32CubeIDE/plugins/com.st.stm32cube.ide.mcu.externaltools.gnu-tools-for-stm32.13.3.rel1.win32_1.0.0.202411081344/tools/bin/../lib/gcc/arm-none-eabi/13.3.1/../../../../arm-none-eabi/lib/thumb/v7e-m+fp/hard\libc_nano.a(libc_a-reent.o)
 .debug_frame   0x00000bdc       0x3c C:/ST/STM32CubeIDE_1.18.1/STM32CubeIDE/plugins/com.st.stm32cube.ide.mcu.externaltools.gnu-tools-for-stm32.13.3.rel1.win32_1.0.0.202411081344/tools/bin/../lib/gcc/arm-none-eabi/13.3.1/../../../../arm-none-eabi/lib/thumb/v7e-m+fp/hard\libc_nano.a(libc_a-signalr.o)
 .debug_frame   0x00000c18       0x2c C:/ST/STM32CubeIDE_1.18.1/STM32CubeIDE/plugins/com.st.stm32cube.ide.mcu.externaltools.gnu-tools-for-stm32.13.3.rel1.win32_1.0.0.202411081344/tools/bin/../lib/gcc/arm-none-eabi/13.3.1/../../../../arm-none-eabi/lib/thumb/v7e-m+fp/hard\libc_nano.a(libc_a-sbrkr.o)
 .debug_frame   0x00000c44       0x20 C:/ST/STM32CubeIDE_1.18.1/STM32CubeIDE/plugins/com.st.stm32cube.ide.mcu.externaltools.gnu-tools-for-stm32.13.3.rel1.win32_1.0.0.202411081344/tools/bin/../lib/gcc/arm-none-eabi/13.3.1/../../../../arm-none-eabi/lib/thumb/v7e-m+fp/hard\libc_nano.a(libc_a-errno.o)
 .debug_frame   0x00000c64       0x2c C:/ST/STM32CubeIDE_1.18.1/STM32CubeIDE/plugins/com.st.stm32cube.ide.mcu.externaltools.gnu-tools-for-stm32.13.3.rel1.win32_1.0.0.202411081344/tools/bin/../lib/gcc/arm-none-eabi/13.3.1/../../../../arm-none-eabi/lib/thumb/v7e-m+fp/hard\libc_nano.a(libc_a-init.o)
 .debug_frame   0x00000c90       0xb0 C:/ST/STM32CubeIDE_1.18.1/STM32CubeIDE/plugins/com.st.stm32cube.ide.mcu.externaltools.gnu-tools-for-stm32.13.3.rel1.win32_1.0.0.202411081344/tools/bin/../lib/gcc/arm-none-eabi/13.3.1/../../../../arm-none-eabi/lib/thumb/v7e-m+fp/hard\libc_nano.a(libc_a-lock.o)

.debug_line_str
                0x00000000       0x60
 .debug_line_str
                0x00000000       0x60 ./Startup/startup_stm32f446retx.o
