Archive member included to satisfy reference by file (symbol)

C:/ST/STM32CubeIDE_1.18.1/STM32CubeIDE/plugins/com.st.stm32cube.ide.mcu.externaltools.gnu-tools-for-stm32.13.3.rel1.win32_1.0.0.202411081344/tools/bin/../lib/gcc/arm-none-eabi/13.3.1/../../../../arm-none-eabi/lib/thumb/v7e-m+fp/hard\libstdc++_nano.a(new_op.o)
                              ./Src/CLI/CLI.o (operator new(unsigned int))
C:/ST/STM32CubeIDE_1.18.1/STM32CubeIDE/plugins/com.st.stm32cube.ide.mcu.externaltools.gnu-tools-for-stm32.13.3.rel1.win32_1.0.0.202411081344/tools/bin/../lib/gcc/arm-none-eabi/13.3.1/../../../../arm-none-eabi/lib/thumb/v7e-m+fp/hard\libstdc++_nano.a(new_opv.o)
                              ./Src/uart.o (operator new[](unsigned int))
C:/ST/STM32CubeIDE_1.18.1/STM32CubeIDE/plugins/com.st.stm32cube.ide.mcu.externaltools.gnu-tools-for-stm32.13.3.rel1.win32_1.0.0.202411081344/tools/bin/../lib/gcc/arm-none-eabi/13.3.1/../../../../arm-none-eabi/lib/thumb/v7e-m+fp/hard\libstdc++_nano.a(new_handler.o)
                              C:/ST/STM32CubeIDE_1.18.1/STM32CubeIDE/plugins/com.st.stm32cube.ide.mcu.externaltools.gnu-tools-for-stm32.13.3.rel1.win32_1.0.0.202411081344/tools/bin/../lib/gcc/arm-none-eabi/13.3.1/../../../../arm-none-eabi/lib/thumb/v7e-m+fp/hard\libstdc++_nano.a(new_op.o) (std::get_new_handler())
C:/ST/STM32CubeIDE_1.18.1/STM32CubeIDE/plugins/com.st.stm32cube.ide.mcu.externaltools.gnu-tools-for-stm32.13.3.rel1.win32_1.0.0.202411081344/tools/bin/../lib/gcc/arm-none-eabi/13.3.1/../../../../arm-none-eabi/lib/thumb/v7e-m+fp/hard\libc_nano.a(libc_a-abort.o)
                              C:/ST/STM32CubeIDE_1.18.1/STM32CubeIDE/plugins/com.st.stm32cube.ide.mcu.externaltools.gnu-tools-for-stm32.13.3.rel1.win32_1.0.0.202411081344/tools/bin/../lib/gcc/arm-none-eabi/13.3.1/../../../../arm-none-eabi/lib/thumb/v7e-m+fp/hard\libstdc++_nano.a(new_op.o) (abort)
C:/ST/STM32CubeIDE_1.18.1/STM32CubeIDE/plugins/com.st.stm32cube.ide.mcu.externaltools.gnu-tools-for-stm32.13.3.rel1.win32_1.0.0.202411081344/tools/bin/../lib/gcc/arm-none-eabi/13.3.1/../../../../arm-none-eabi/lib/thumb/v7e-m+fp/hard\libc_nano.a(libc_a-exit.o)
                              C:/ST/STM32CubeIDE_1.18.1/STM32CubeIDE/plugins/com.st.stm32cube.ide.mcu.externaltools.gnu-tools-for-stm32.13.3.rel1.win32_1.0.0.202411081344/tools/bin/../lib/gcc/arm-none-eabi/13.3.1/../../../../arm-none-eabi/lib/thumb/v7e-m+fp/hard/crt0.o (exit)
C:/ST/STM32CubeIDE_1.18.1/STM32CubeIDE/plugins/com.st.stm32cube.ide.mcu.externaltools.gnu-tools-for-stm32.13.3.rel1.win32_1.0.0.202411081344/tools/bin/../lib/gcc/arm-none-eabi/13.3.1/../../../../arm-none-eabi/lib/thumb/v7e-m+fp/hard\libc_nano.a(libc_a-malloc.o)
                              C:/ST/STM32CubeIDE_1.18.1/STM32CubeIDE/plugins/com.st.stm32cube.ide.mcu.externaltools.gnu-tools-for-stm32.13.3.rel1.win32_1.0.0.202411081344/tools/bin/../lib/gcc/arm-none-eabi/13.3.1/../../../../arm-none-eabi/lib/thumb/v7e-m+fp/hard\libstdc++_nano.a(new_op.o) (malloc)
C:/ST/STM32CubeIDE_1.18.1/STM32CubeIDE/plugins/com.st.stm32cube.ide.mcu.externaltools.gnu-tools-for-stm32.13.3.rel1.win32_1.0.0.202411081344/tools/bin/../lib/gcc/arm-none-eabi/13.3.1/../../../../arm-none-eabi/lib/thumb/v7e-m+fp/hard\libc_nano.a(libc_a-mallocr.o)
                              C:/ST/STM32CubeIDE_1.18.1/STM32CubeIDE/plugins/com.st.stm32cube.ide.mcu.externaltools.gnu-tools-for-stm32.13.3.rel1.win32_1.0.0.202411081344/tools/bin/../lib/gcc/arm-none-eabi/13.3.1/../../../../arm-none-eabi/lib/thumb/v7e-m+fp/hard\libc_nano.a(libc_a-malloc.o) (_malloc_r)
C:/ST/STM32CubeIDE_1.18.1/STM32CubeIDE/plugins/com.st.stm32cube.ide.mcu.externaltools.gnu-tools-for-stm32.13.3.rel1.win32_1.0.0.202411081344/tools/bin/../lib/gcc/arm-none-eabi/13.3.1/../../../../arm-none-eabi/lib/thumb/v7e-m+fp/hard\libc_nano.a(libc_a-mlock.o)
                              C:/ST/STM32CubeIDE_1.18.1/STM32CubeIDE/plugins/com.st.stm32cube.ide.mcu.externaltools.gnu-tools-for-stm32.13.3.rel1.win32_1.0.0.202411081344/tools/bin/../lib/gcc/arm-none-eabi/13.3.1/../../../../arm-none-eabi/lib/thumb/v7e-m+fp/hard\libc_nano.a(libc_a-mallocr.o) (__malloc_lock)
C:/ST/STM32CubeIDE_1.18.1/STM32CubeIDE/plugins/com.st.stm32cube.ide.mcu.externaltools.gnu-tools-for-stm32.13.3.rel1.win32_1.0.0.202411081344/tools/bin/../lib/gcc/arm-none-eabi/13.3.1/../../../../arm-none-eabi/lib/thumb/v7e-m+fp/hard\libc_nano.a(libc_a-findfp.o)
                              C:/ST/STM32CubeIDE_1.18.1/STM32CubeIDE/plugins/com.st.stm32cube.ide.mcu.externaltools.gnu-tools-for-stm32.13.3.rel1.win32_1.0.0.202411081344/tools/bin/../lib/gcc/arm-none-eabi/13.3.1/../../../../arm-none-eabi/lib/thumb/v7e-m+fp/hard\libc_nano.a(libc_a-exit.o) (__stdio_exit_handler)
C:/ST/STM32CubeIDE_1.18.1/STM32CubeIDE/plugins/com.st.stm32cube.ide.mcu.externaltools.gnu-tools-for-stm32.13.3.rel1.win32_1.0.0.202411081344/tools/bin/../lib/gcc/arm-none-eabi/13.3.1/../../../../arm-none-eabi/lib/thumb/v7e-m+fp/hard\libc_nano.a(libc_a-fwalk.o)
[...]
Memory Configuration

Name             Origin             Length             Attributes
RAM              0x20000000         0x00020000         xrw
FLASH            0x08000000         0x00080000         xr
*default*        0x00000000         0xffffffff

Linker script and memory map

LOAD C:/ST/STM32CubeIDE_1.18.1/STM32CubeIDE/plugins/com.st.stm32cube.ide.mcu.externaltools.gnu-tools-for-stm32.13.3.rel1.win32_1.0.0.202411081344/tools/bin/../lib/gcc/arm-none-eabi/13.3.1/thumb/v7e-m+fp/hard/crti.o
LOAD C:/ST/STM32CubeIDE_1.18.1/STM32CubeIDE/plugins/com.st.stm32cube.ide.mcu.externaltools.gnu-tools-for-stm32.13.3.rel1.win32_1.0.0.202411081344/tools/bin/../lib/gcc/arm-none-eabi/13.3.1/thumb/v7e-m+fp/hard/crtbegin.o
LOAD C:/ST/STM32CubeIDE_1.18.1/STM32CubeIDE/plugins/com.st.stm32cube.ide.mcu.externaltools.gnu-tools-for-stm32.13.3.rel1.win32_1.0.0.202411081344/tools/bin/../lib/gcc/arm-none-eabi/13.3.1/../../../../arm-none-eabi/lib/thumb/v7e-m+fp/hard/crt0.o
LOAD ./Src/CLI/CLI.o
LOAD ./Src/CLI/Manager.o
LOAD ./Src/gpio.o
LOAD ./Src/main.o
LOAD ./Src/syscalls.o
LOAD ./Src/sysmem.o
LOAD ./Src/systick.o
LOAD ./Src/uart.o
LOAD ./Startup/startup_stm32f446retx.o
START GROUP
LOAD C:/ST/STM32CubeIDE_1.18.1/STM32CubeIDE/plugins/com.st.stm32cube.ide.mcu.externaltools.gnu-tools-for-stm32.13.3.rel1.win32_1.0.0.202411081344/tools/bin/../lib/gcc/arm-none-eabi/13.3.1/../../../../arm-none-eabi/lib/thumb/v7e-m+fp/hard\libstdc++_nano.a
LOAD C:/ST/STM32CubeIDE_1.18.1/STM32CubeIDE/plugins/com.st.stm32cube.ide.mcu.externaltools.gnu-tools-for-stm32.13.3.rel1.win32_1.0.0.202411081344/tools/bin/../lib/gcc/arm-none-eabi/13.3.1/../../../../arm-none-eabi/lib/thumb/v7e-m+fp/hard\libsupc++_nano.a
END GROUP
LOAD C:/ST/STM32CubeIDE_1.18.1/STM32CubeIDE/plugins/com.st.stm32cube.ide.mcu.externaltools.gnu-tools-for-stm32.13.3.rel1.win32_1.0.0.202411081344/tools/bin/../lib/gcc/arm-none-eabi/13.3.1/../../../../arm-none-eabi/lib/thumb/v7e-m+fp/hard\libstdc++_nano.a
LOAD C:/ST/STM32CubeIDE_1.18.1/STM32CubeIDE/plugins/com.st.stm32cube.ide.mcu.externaltools.gnu-tools-for-stm32.13.3.rel1.win32_1.0.0.202411081344/tools/bin/../lib/gcc/arm-none-eabi/13.3.1/../../../../arm-none-eabi/lib/thumb/v7e-m+fp/hard\libm.a
LOAD C:/ST/STM32CubeIDE_1.18.1/STM32CubeIDE/plugins/com.st.stm32cube.ide.mcu.externaltools.gnu-tools-for-stm32.13.3.rel1.win32_1.0.0.202411081344/tools/bin/../lib/gcc/arm-none-eabi/13.3.1/../../../../arm-none-eabi/lib/thumb/v7e-m+fp/hard\libc_nano.a
START GROUP
LOAD C:/ST/STM32CubeIDE_1.18.1/STM32CubeIDE/plugins/com.st.stm32cube.ide.mcu.externaltools.gnu-tools-for-stm32.13.3.rel1.win32_1.0.0.202411081344/tools/bin/../lib/gcc/arm-none-eabi/13.3.1/thumb/v7e-m+fp/hard\libgcc.a
LOAD C:/ST/STM32CubeIDE_1.18.1/STM32CubeIDE/plugins/com.st.stm32cube.ide.mcu.externaltools.gnu-tools-for-stm32.13.3.rel1.win32_1.0.0.202411081344/tools/bin/../lib/gcc/arm-none-eabi/13.3.1/../../../../arm-none-eabi/lib/thumb/v7e-m+fp/hard\libc_nano.a
END GROUP
START GROUP
LOAD C:/ST/STM32CubeIDE_1.18.1/STM32CubeIDE/plugins/com.st.stm32cube.ide.mcu.externaltools.gnu-tools-for-stm32.13.3.rel1.win32_1.0.0.202411081344/tools/bin/../lib/gcc/arm-none-eabi/13.3.1/thumb/v7e-m+fp/hard\libgcc.a
LOAD C:/ST/STM32CubeIDE_1.18.1/STM32CubeIDE/plugins/com.st.stm32cube.ide.mcu.externaltools.gnu-tools-for-stm32.13.3.rel1.win32_1.0.0.202411081344/tools/bin/../lib/gcc/arm-none-eabi/13.3.1/../../../../arm-none-eabi/lib/thumb/v7e-m+fp/hard\libc_nano.a
LOAD C:/ST/STM32CubeIDE_1.18.1/STM32CubeIDE/plugins/com.st.stm32cube.ide.mcu.externaltools.gnu-tools-for-stm32.13.3.rel1.win32_1.0.0.202411081344/tools/bin/../lib/gcc/arm-none-eabi/13.3.1/../../../../arm-none-eabi/lib/thumb/v7e-m+fp/hard\libnosys.a
END GROUP
START GROUP
LOAD C:/ST/STM32CubeIDE_1.18.1/STM32CubeIDE/plugins/com.st.stm32cube.ide.mcu.externaltools.gnu-tools-for-stm32.13.3.rel1.win32_1.0.0.202411081344/tools/bin/../lib/gcc/arm-none-eabi/13.3.1/thumb/v7e-m+fp/hard\libgcc.a
LOAD C:/ST/STM32CubeIDE_1.18.1/STM32CubeIDE/plugins/com.st.stm32cube.ide.mcu.externaltools.gnu-tools-for-stm32.13.3.rel1.win32_1.0.0.202411081344/tools/bin/../lib/gcc/arm-none-eabi/13.3.1/../../../../arm-none-eabi/lib/thumb/v7e-m+fp/hard\libc_nano.a
LOAD C:/ST/STM32CubeIDE_1.18.1/STM32CubeIDE/plugins/com.st.stm32cube.ide.mcu.externaltools.gnu-tools-for-stm32.13.3.rel1.win32_1.0.0.202411081344/tools/bin/../lib/gcc/arm-none-eabi/13.3.1/../../../../arm-none-eabi/lib/thumb/v7e-m+fp/hard\libnosys.a
END GROUP
LOAD C:/ST/STM32CubeIDE_1.18.1/STM32CubeIDE/plugins/com.st.stm32cube.ide.mcu.externaltools.gnu-tools-for-stm32.13.3.rel1.win32_1.0.0.202411081344/tools/bin/../lib/gcc/arm-none-eabi/13.3.1/thumb/v7e-m+fp/hard/crtend.o
LOAD C:/ST/STM32CubeIDE_1.18.1/STM32CubeIDE/plugins/com.st.stm32cube.ide.mcu.externaltools.gnu-tools-for-stm32.13.3.rel1.win32_1.0.0.202411081344/tools/bin/../lib/gcc/arm-none-eabi/13.3.1/thumb/v7e-m+fp/hard/crtn.o
                0x20020000                        _estack = (ORIGIN (RAM) + LENGTH (RAM))
                0x00000200                        _Min_Heap_Size = 0x200
                0x00000400                        _Min_Stack_Size = 0x400

.isr_vector     0x08000000      0x1c4
                0x08000000                        . = ALIGN (0x4)
 *(.isr_vector)
 .isr_vector    0x08000000      0x1c4 ./Startup/startup_stm32f446retx.o
                0x08000000                g_pfnVectors
                0x080001c4                        . = ALIGN (0x4)

.text           0x080001c4      0xb98
                0x080001c4                        . = ALIGN (0x4)
 *(.text)
 .text          0x080001c4       0x40 C:/ST/STM32CubeIDE_1.18.1/STM32CubeIDE/plugins/com.st.stm32cube.ide.mcu.externaltools.gnu-tools-for-stm32.13.3.rel1.win32_1.0.0.202411081344/tools/bin/../lib/gcc/arm-none-eabi/13.3.1/thumb/v7e-m+fp/hard/crtbegin.o
 .text          0x08000204       0x10 C:/ST/STM32CubeIDE_1.18.1/STM32CubeIDE/plugins/com.st.stm32cube.ide.mcu.externaltools.gnu-tools-for-stm32.13.3.rel1.win32_1.0.0.202411081344/tools/bin/../lib/gcc/arm-none-eabi/13.3.1/../../../../arm-none-eabi/lib/thumb/v7e-m+fp/hard\libc_nano.a(libc_a-strlen.o)
                0x08000204                strlen
 *(.text*)
 .text._ZN3CLIC2Ev
                0x08000214       0x16 ./Src/CLI/CLI.o
                0x08000214                CLI::CLI()
                0x08000214                CLI::CLI()
 .text._ZN3CLI3runEv
                0x0800022a       0x46 ./Src/CLI/CLI.o
                0x0800022a                CLI::run()
 .text._ZN7Manager16connect_to_usartEP4UART
                0x08000270       0x34 ./Src/CLI/Manager.o
                0x08000270                Manager::connect_to_usart(UART*)
 .text._ZN7Manager13send_responseEPc
                0x080002a4       0x1e ./Src/CLI/Manager.o
                0x080002a4                Manager::send_response(char*)
 *fill*         0x080002c2        0x2 
 .text._ZN7Manager16manage_read_byteEm
                0x080002c4       0xb8 ./Src/CLI/Manager.o
                0x080002c4                Manager::manage_read_byte(unsigned long)
 .text._ZN4GPIOC2E6port_t
                0x0800037c       0x34 ./Src/gpio.o
                0x0800037c                GPIO::GPIO(port_t)
                0x0800037c                GPIO::GPIO(port_t)
 .text._ZN4GPIO6enableEv
                0x080003b0       0x24 ./Src/gpio.o
                0x080003b0                GPIO::enable()
 .text._ZN4GPIO9pin_setupE5pin_t6mode_t14alt_function_t
                0x080003d4       0xba ./Src/gpio.o
                0x080003d4                GPIO::pin_setup(pin_t, mode_t, alt_function_t)
 *fill*         0x0800048e        0x2 
 .text._ZN4GPIO8set_maskE5pin_t6mode_t
                0x08000490       0x74 ./Src/gpio.o
                0x08000490                GPIO::set_mask(pin_t, mode_t)
 .text._ZN4GPIO8set_maskE5pin_t14alt_function_t
                0x08000504       0x2e ./Src/gpio.o
                0x08000504                GPIO::set_mask(pin_t, alt_function_t)
 .text.main     0x08000532        0xe ./Src/main.o
                0x08000532                main
 .text._Z9uart_testv
                0x08000540       0x2c ./Src/main.o
                0x08000540                uart_test()
 .text._Z41__static_initialization_and_destruction_0v
                0x0800056c       0x14 ./Src/main.o
 .text._GLOBAL__sub_I_GPIOA
                0x08000580        0xa ./Src/main.o
 .text._getpid  0x0800058a       0x10 ./Src/syscalls.o
                0x0800058a                _getpid
 .text._kill    0x0800059a       0x20 ./Src/syscalls.o
                0x0800059a                _kill
 .text._exit    0x080005ba       0x16 ./Src/syscalls.o
                0x080005ba                _exit
 .text._sbrk    0x080005d0       0x6c ./Src/sysmem.o
                0x080005d0                _sbrk
 .text.SysTick_Handler
                0x0800063c       0x1c ./Src/systick.o
                0x0800063c                SysTick_Handler
 .text._ZN7Systick15configure_timerEi
                0x08000658       0x34 ./Src/systick.o
                0x08000658                Systick::configure_timer(int)
 .text._ZN7Systick6enableEv
                0x0800068c       0x24 ./Src/systick.o
                0x0800068c                Systick::enable()
 .text._ZN7Systick7disableEv
                0x080006b0       0x20 ./Src/systick.o
                0x080006b0                Systick::disable()
 .text._ZN7Systick8tick_allEv
                0x080006d0       0xb4 ./Src/systick.o
                0x080006d0                Systick::tick_all()
 .text._ZN4UARTC2E11usart_num_t
                0x08000784       0x5c ./Src/uart.o
                0x08000784                UART::UART(usart_num_t)
                0x08000784                UART::UART(usart_num_t)
 .text._ZN4UART6enableEv
                0x080007e0       0x44 ./Src/uart.o
                0x080007e0                UART::enable()
 .text._ZN4UART14configure_pinsEv
                0x08000824       0x4e ./Src/uart.o
                0x08000824                UART::configure_pins()
 *fill*         0x08000872        0x2 
 .text._ZN4UART9configureE18usart_rec_buffer_t
                0x08000874       0x9c ./Src/uart.o
                0x08000874                UART::configure(usart_rec_buffer_t)
 .text.USART2_IRQHandler
                0x08000910       0x58 ./Src/uart.o
                0x08000910                USART2_IRQHandler
 .text._ZN4UART17send_byte_handlerEv
                0x08000968       0x72 ./Src/uart.o
                0x08000968                UART::send_byte_handler()
 .text._ZN4UART4sendEPc
                0x080009da       0x42 ./Src/uart.o
                0x080009da                UART::send(char*)
 .text._ZN4UART9read_byteEv
                0x08000a1c       0x24 ./Src/uart.o
                0x08000a1c                UART::read_byte()
 .text.Reset_Handler
                0x08000a40       0x50 ./Startup/startup_stm32f446retx.o
                0x08000a40                Reset_Handler
 .text.Default_Handler
                0x08000a90        0x2 ./Startup/startup_stm32f446retx.o
                0x08000a90                RTC_Alarm_IRQHandler
                0x08000a90                EXTI2_IRQHandler
                0x08000a90                TIM8_CC_IRQHandler
                0x08000a90                SPDIF_Rx_IRQHandler
                0x08000a90                DebugMon_Handler
                0x08000a90                SPI4_IRQHandler
                0x08000a90                TIM1_CC_IRQHandler
                0x08000a90                QuadSPI_IRQHandler
                0x08000a90                DMA2_Stream5_IRQHandler
                0x08000a90                HardFault_Handler
                0x08000a90                DMA1_Stream5_IRQHandler
                0x08000a90                PVD_IRQHandler
                0x08000a90                SDIO_IRQHandler
                0x08000a90                TAMP_STAMP_IRQHandler
                0x08000a90                PendSV_Handler
                0x08000a90                NMI_Handler
                0x08000a90                CAN2_RX1_IRQHandler
                0x08000a90                EXTI3_IRQHandler
                0x08000a90                TIM8_TRG_COM_TIM14_IRQHandler
                0x08000a90                TIM1_UP_TIM10_IRQHandler
                0x08000a90                FMPI2C1_error_IRQHandler
                0x08000a90                TIM8_UP_TIM13_IRQHandler
                0x08000a90                I2C3_ER_IRQHandler
                0x08000a90                EXTI0_IRQHandler
                0x08000a90                I2C2_EV_IRQHandler
                0x08000a90                DMA1_Stream2_IRQHandler
                0x08000a90                CAN1_RX0_IRQHandler
                0x08000a90                OTG_HS_WKUP_IRQHandler
                0x08000a90                UsageFault_Handler
                0x08000a90                CAN2_SCE_IRQHandler
                0x08000a90                DMA2_Stream2_IRQHandler
                0x08000a90                SPI1_IRQHandler
                0x08000a90                TIM6_DAC_IRQHandler
                0x08000a90                TIM1_BRK_TIM9_IRQHandler
                0x08000a90                DCMI_IRQHandler
                0x08000a90                CAN2_RX0_IRQHandler
                0x08000a90                DMA2_Stream3_IRQHandler
                0x08000a90                FMPI2C1_IRQHandler
                0x08000a90                SAI2_IRQHandler
                0x08000a90                USART6_IRQHandler
                0x08000a90                USART3_IRQHandler
                0x08000a90                CAN1_RX1_IRQHandler
                0x08000a90                UART5_IRQHandler
                0x08000a90                DMA2_Stream0_IRQHandler
                0x08000a90                TIM4_IRQHandler
                0x08000a90                I2C1_EV_IRQHandler
                0x08000a90                HDMI_CEC_IRQHandler
                0x08000a90                DMA1_Stream6_IRQHandler
                0x08000a90                DMA1_Stream1_IRQHandler
                0x08000a90                UART4_IRQHandler
                0x08000a90                TIM3_IRQHandler
                0x08000a90                RCC_IRQHandler
                0x08000a90                TIM8_BRK_TIM12_IRQHandler
                0x08000a90                Default_Handler
                0x08000a90                EXTI15_10_IRQHandler
                0x08000a90                ADC_IRQHandler
                0x08000a90                DMA1_Stream7_IRQHandler
                0x08000a90                TIM7_IRQHandler
                0x08000a90                CAN2_TX_IRQHandler
                0x08000a90                TIM5_IRQHandler
                0x08000a90                DMA2_Stream7_IRQHandler
                0x08000a90                I2C3_EV_IRQHandler
                0x08000a90                EXTI9_5_IRQHandler
                0x08000a90                RTC_WKUP_IRQHandler
                0x08000a90                SPI2_IRQHandler
                0x08000a90                OTG_HS_EP1_IN_IRQHandler
                0x08000a90                MemManage_Handler
                0x08000a90                DMA1_Stream0_IRQHandler
                0x08000a90                CAN1_TX_IRQHandler
                0x08000a90                SVC_Handler
                0x08000a90                EXTI4_IRQHandler
                0x08000a90                OTG_HS_EP1_OUT_IRQHandler
                0x08000a90                WWDG_IRQHandler
                0x08000a90                TIM2_IRQHandler
                0x08000a90                OTG_FS_WKUP_IRQHandler
                0x08000a90                TIM1_TRG_COM_TIM11_IRQHandler
                0x08000a90                OTG_HS_IRQHandler
                0x08000a90                EXTI1_IRQHandler
                0x08000a90                I2C2_ER_IRQHandler
                0x08000a90                DMA2_Stream1_IRQHandler
                0x08000a90                CAN1_SCE_IRQHandler
                0x08000a90                FLASH_IRQHandler
                0x08000a90                DMA2_Stream4_IRQHandler
                0x08000a90                BusFault_Handler
                0x08000a90                USART1_IRQHandler
                0x08000a90                OTG_FS_IRQHandler
                0x08000a90                SPI3_IRQHandler
                0x08000a90                DMA1_Stream4_IRQHandler
                0x08000a90                I2C1_ER_IRQHandler
                0x08000a90                FMC_IRQHandler
                0x08000a90                DMA2_Stream6_IRQHandler
                0x08000a90                SAI1_IRQHandler
                0x08000a90                DMA1_Stream3_IRQHandler
 .text._Znwj    0x08000a92       0x22 C:/ST/STM32CubeIDE_1.18.1/STM32CubeIDE/plugins/com.st.stm32cube.ide.mcu.externaltools.gnu-tools-for-stm32.13.3.rel1.win32_1.0.0.202411081344/tools/bin/../lib/gcc/arm-none-eabi/13.3.1/../../../../arm-none-eabi/lib/thumb/v7e-m+fp/hard\libstdc++_nano.a(new_op.o)
                0x08000a92                operator new(unsigned int)
 .text._Znaj    0x08000ab4        0x4 C:/ST/STM32CubeIDE_1.18.1/STM32CubeIDE/plugins/com.st.stm32cube.ide.mcu.externaltools.gnu-tools-for-stm32.13.3.rel1.win32_1.0.0.202411081344/tools/bin/../lib/gcc/arm-none-eabi/13.3.1/../../../../arm-none-eabi/lib/thumb/v7e-m+fp/hard\libstdc++_nano.a(new_opv.o)
                0x08000ab4                operator new[](unsigned int)
 .text._ZSt15get_new_handlerv
                0x08000ab8       0x10 C:/ST/STM32CubeIDE_1.18.1/STM32CubeIDE/plugins/com.st.stm32cube.ide.mcu.externaltools.gnu-tools-for-stm32.13.3.rel1.win32_1.0.0.202411081344/tools/bin/../lib/gcc/arm-none-eabi/13.3.1/../../../../arm-none-eabi/lib/thumb/v7e-m+fp/hard\libstdc++_nano.a(new_handler.o)
                0x08000ab8                std::get_new_handler()
 .text.abort    0x08000ac8        0xe C:/ST/STM32CubeIDE_1.18.1/STM32CubeIDE/plugins/com.st.stm32cube.ide.mcu.externaltools.gnu-tools-for-stm32.13.3.rel1.win32_1.0.0.202411081344/tools/bin/../lib/gcc/arm-none-eabi/13.3.1/../../../../arm-none-eabi/lib/thumb/v7e-m+fp/hard\libc_nano.a(libc_a-abort.o)
                0x08000ac8                abort
 *fill*         0x08000ad6        0x2 
 .text.malloc   0x08000ad8       0x10 C:/ST/STM32CubeIDE_1.18.1/STM32CubeIDE/plugins/com.st.stm32cube.ide.mcu.externaltools.gnu-tools-for-stm32.13.3.rel1.win32_1.0.0.202411081344/tools/bin/../lib/gcc/arm-none-eabi/13.3.1/../../../../arm-none-eabi/lib/thumb/v7e-m+fp/hard\libc_nano.a(libc_a-malloc.o)
                0x08000ad8                malloc
 .text.sbrk_aligned
                0x08000ae8       0x44 C:/ST/STM32CubeIDE_1.18.1/STM32CubeIDE/plugins/com.st.stm32cube.ide.mcu.externaltools.gnu-tools-for-stm32.13.3.rel1.win32_1.0.0.202411081344/tools/bin/../lib/gcc/arm-none-eabi/13.3.1/../../../../arm-none-eabi/lib/thumb/v7e-m+fp/hard\libc_nano.a(libc_a-mallocr.o)
 .text._malloc_r
                0x08000b2c      0x100 C:/ST/STM32CubeIDE_1.18.1/STM32CubeIDE/plugins/com.st.stm32cube.ide.mcu.externaltools.gnu-tools-for-stm32.13.3.rel1.win32_1.0.0.202411081344/tools/bin/../lib/gcc/arm-none-eabi/13.3.1/../../../../arm-none-eabi/lib/thumb/v7e-m+fp/hard\libc_nano.a(libc_a-mallocr.o)
                0x08000b2c                _malloc_r
 .text.__malloc_lock
                0x08000c2c        0xc C:/ST/STM32CubeIDE_1.18.1/STM32CubeIDE/plugins/com.st.stm32cube.ide.mcu.externaltools.gnu-tools-for-stm32.13.3.rel1.win32_1.0.0.202411081344/tools/bin/../lib/gcc/arm-none-eabi/13.3.1/../../../../arm-none-eabi/lib/thumb/v7e-m+fp/hard\libc_nano.a(libc_a-mlock.o)
                0x08000c2c                __malloc_lock
 .text.__malloc_unlock
                0x08000c38        0xc C:/ST/STM32CubeIDE_1.18.1/STM32CubeIDE/plugins/com.st.stm32cube.ide.mcu.externaltools.gnu-tools-for-stm32.13.3.rel1.win32_1.0.0.202411081344/tools/bin/../lib/gcc/arm-none-eabi/13.3.1/../../../../arm-none-eabi/lib/thumb/v7e-m+fp/hard\libc_nano.a(libc_a-mlock.o)
                0x08000c38                __malloc_unlock
 .text._raise_r
                0x08000c44       0x50 C:/ST/STM32CubeIDE_1.18.1/STM32CubeIDE/plugins/com.st.stm32cube.ide.mcu.externaltools.gnu-tools-for-stm32.13.3.rel1.win32_1.0.0.202411081344/tools/bin/../lib/gcc/arm-none-eabi/13.3.1/../../../../arm-none-eabi/lib/thumb/v7e-m+fp/hard\libc_nano.a(libc_a-signal.o)
                0x08000c44                _raise_r
 .text.raise    0x08000c94       0x10 C:/ST/STM32CubeIDE_1.18.1/STM32CubeIDE/plugins/com.st.stm32cube.ide.mcu.externaltools.gnu-tools-for-stm32.13.3.rel1.win32_1.0.0.202411081344/tools/bin/../lib/gcc/arm-none-eabi/13.3.1/../../../../arm-none-eabi/lib/thumb/v7e-m+fp/hard\libc_nano.a(libc_a-signal.o)
                0x08000c94                raise
 .text._kill_r  0x08000ca4       0x24 C:/ST/STM32CubeIDE_1.18.1/STM32CubeIDE/plugins/com.st.stm32cube.ide.mcu.externaltools.gnu-tools-for-stm32.13.3.rel1.win32_1.0.0.202411081344/tools/bin/../lib/gcc/arm-none-eabi/13.3.1/../../../../arm-none-eabi/lib/thumb/v7e-m+fp/hard\libc_nano.a(libc_a-signalr.o)
                0x08000ca4                _kill_r
 .text._getpid_r
                0x08000cc8        0x4 C:/ST/STM32CubeIDE_1.18.1/STM32CubeIDE/plugins/com.st.stm32cube.ide.mcu.externaltools.gnu-tools-for-stm32.13.3.rel1.win32_1.0.0.202411081344/tools/bin/../lib/gcc/arm-none-eabi/13.3.1/../../../../arm-none-eabi/lib/thumb/v7e-m+fp/hard\libc_nano.a(libc_a-signalr.o)
                0x08000cc8                _getpid_r
 .text._sbrk_r  0x08000ccc       0x20 C:/ST/STM32CubeIDE_1.18.1/STM32CubeIDE/plugins/com.st.stm32cube.ide.mcu.externaltools.gnu-tools-for-stm32.13.3.rel1.win32_1.0.0.202411081344/tools/bin/../lib/gcc/arm-none-eabi/13.3.1/../../../../arm-none-eabi/lib/thumb/v7e-m+fp/hard\libc_nano.a(libc_a-sbrkr.o)
                0x08000ccc                _sbrk_r
 .text.__errno  0x08000cec        0xc C:/ST/STM32CubeIDE_1.18.1/STM32CubeIDE/plugins/com.st.stm32cube.ide.mcu.externaltools.gnu-tools-for-stm32.13.3.rel1.win32_1.0.0.202411081344/tools/bin/../lib/gcc/arm-none-eabi/13.3.1/../../../../arm-none-eabi/lib/thumb/v7e-m+fp/hard\libc_nano.a(libc_a-errno.o)
                0x08000cec                __errno
 .text.__libc_init_array
                0x08000cf8       0x48 C:/ST/STM32CubeIDE_1.18.1/STM32CubeIDE/plugins/com.st.stm32cube.ide.mcu.externaltools.gnu-tools-for-stm32.13.3.rel1.win32_1.0.0.202411081344/tools/bin/../lib/gcc/arm-none-eabi/13.3.1/../../../../arm-none-eabi/lib/thumb/v7e-m+fp/hard\libc_nano.a(libc_a-init.o)
                0x08000cf8                __libc_init_array
 .text.__retarget_lock_acquire_recursive
                0x08000d40        0x2 C:/ST/STM32CubeIDE_1.18.1/STM32CubeIDE/plugins/com.st.stm32cube.ide.mcu.externaltools.gnu-tools-for-stm32.13.3.rel1.win32_1.0.0.202411081344/tools/bin/../lib/gcc/arm-none-eabi/13.3.1/../../../../arm-none-eabi/lib/thumb/v7e-m+fp/hard\libc_nano.a(libc_a-lock.o)
                0x08000d40                __retarget_lock_acquire_recursive
 .text.__retarget_lock_release_recursive
                0x08000d42        0x2 C:/ST/STM32CubeIDE_1.18.1/STM32CubeIDE/plugins/com.st.stm32cube.ide.mcu.externaltools.gnu-tools-for-stm32.13.3.rel1.win32_1.0.0.202411081344/tools/bin/../lib/gcc/arm-none-eabi/13.3.1/../../../../arm-none-eabi/lib/thumb/v7e-m+fp/hard\libc_nano.a(libc_a-lock.o)
                0x08000d42                __retarget_lock_release_recursive
 *(.glue_7)
 .glue_7        0x08000d44        0x0 linker stubs
 *(.glue_7t)
 .glue_7t       0x08000d44        0x0 linker stubs
 *(.eh_frame)
 .eh_frame      0x08000d44        0x0 C:/ST/STM32CubeIDE_1.18.1/STM32CubeIDE/plugins/com.st.stm32cube.ide.mcu.externaltools.gnu-tools-for-stm32.13.3.rel1.win32_1.0.0.202411081344/tools/bin/../lib/gcc/arm-none-eabi/13.3.1/thumb/v7e-m+fp/hard/crtbegin.o
 *(.init)
 .init          0x08000d44        0x4 C:/ST/STM32CubeIDE_1.18.1/STM32CubeIDE/plugins/com.st.stm32cube.ide.mcu.externaltools.gnu-tools-for-stm32.13.3.rel1.win32_1.0.0.202411081344/tools/bin/../lib/gcc/arm-none-eabi/13.3.1/thumb/v7e-m+fp/hard/crti.o
                0x08000d44                _init
 .init          0x08000d48        0x8 C:/ST/STM32CubeIDE_1.18.1/STM32CubeIDE/plugins/com.st.stm32cube.ide.mcu.externaltools.gnu-tools-for-stm32.13.3.rel1.win32_1.0.0.202411081344/tools/bin/../lib/gcc/arm-none-eabi/13.3.1/thumb/v7e-m+fp/hard/crtn.o
 *(.fini)
 .fini          0x08000d50        0x4 C:/ST/STM32CubeIDE_1.18.1/STM32CubeIDE/plugins/com.st.stm32cube.ide.mcu.externaltools.gnu-tools-for-stm32.13.3.rel1.win32_1.0.0.202411081344/tools/bin/../lib/gcc/arm-none-eabi/13.3.1/thumb/v7e-m+fp/hard/crti.o
                0x08000d50                _fini
 .fini          0x08000d54        0x8 C:/ST/STM32CubeIDE_1.18.1/STM32CubeIDE/plugins/com.st.stm32cube.ide.mcu.externaltools.gnu-tools-for-stm32.13.3.rel1.win32_1.0.0.202411081344/tools/bin/../lib/gcc/arm-none-eabi/13.3.1/thumb/v7e-m+fp/hard/crtn.o
                0x08000d5c                        . = ALIGN (0x4)
                0x08000d5c                        _etext = .

.vfp11_veneer   0x08000d5c        0x0
 .vfp11_veneer  0x08000d5c        0x0 linker stubs

.v4_bx          0x08000d5c        0x0
 .v4_bx         0x08000d5c        0x0 linker stubs

.iplt           0x08000d5c        0x0
 .iplt          0x08000d5c        0x0 C:/ST/STM32CubeIDE_1.18.1/STM32CubeIDE/plugins/com.st.stm32cube.ide.mcu.externaltools.gnu-tools-for-stm32.13.3.rel1.win32_1.0.0.202411081344/tools/bin/../lib/gcc/arm-none-eabi/13.3.1/thumb/v7e-m+fp/hard/crtbegin.o

.rodata         0x08000d5c        0x0
                0x08000d5c                        . = ALIGN (0x4)
 *(.rodata)
 *(.rodata*)
                0x08000d5c                        . = ALIGN (0x4)

.ARM.extab      0x08000d5c        0x0
                0x08000d5c                        . = ALIGN (0x4)
 *(.ARM.extab* .gnu.linkonce.armextab.*)
                0x08000d5c                        . = ALIGN (0x4)

.ARM            0x08000d5c        0x8
                0x08000d5c                        . = ALIGN (0x4)
                0x08000d5c                        __exidx_start = .
 *(.ARM.exidx*)
 .ARM.exidx     0x08000d5c        0x8 C:/ST/STM32CubeIDE_1.18.1/STM32CubeIDE/plugins/com.st.stm32cube.ide.mcu.externaltools.gnu-tools-for-stm32.13.3.rel1.win32_1.0.0.202411081344/tools/bin/../lib/gcc/arm-none-eabi/13.3.1/../../../../arm-none-eabi/lib/thumb/v7e-m+fp/hard\libc_nano.a(libc_a-strlen.o)
                0x08000d64                        __exidx_end = .
                0x08000d64                        . = ALIGN (0x4)

.preinit_array  0x08000d64        0x0
                0x08000d64                        . = ALIGN (0x4)
                0x08000d64                        PROVIDE (__preinit_array_start = .)
 *(.preinit_array*)
                0x08000d64                        PROVIDE (__preinit_array_end = .)
                0x08000d64                        . = ALIGN (0x4)

.init_array     0x08000d64        0x8
                0x08000d64                        . = ALIGN (0x4)
                0x08000d64                        PROVIDE (__init_array_start = .)
 *(SORT_BY_NAME(.init_array.*))
 *(.init_array*)
 .init_array    0x08000d64        0x4 C:/ST/STM32CubeIDE_1.18.1/STM32CubeIDE/plugins/com.st.stm32cube.ide.mcu.externaltools.gnu-tools-for-stm32.13.3.rel1.win32_1.0.0.202411081344/tools/bin/../lib/gcc/arm-none-eabi/13.3.1/thumb/v7e-m+fp/hard/crtbegin.o
 .init_array    0x08000d68        0x4 ./Src/main.o
                0x08000d6c                        PROVIDE (__init_array_end = .)
                0x08000d6c                        . = ALIGN (0x4)

.fini_array     0x08000d6c        0x4
                0x08000d6c                        . = ALIGN (0x4)
                [!provide]                        PROVIDE (__fini_array_start = .)
 *(SORT_BY_NAME(.fini_array.*))
 *(.fini_array*)
 .fini_array    0x08000d6c        0x4 C:/ST/STM32CubeIDE_1.18.1/STM32CubeIDE/plugins/com.st.stm32cube.ide.mcu.externaltools.gnu-tools-for-stm32.13.3.rel1.win32_1.0.0.202411081344/tools/bin/../lib/gcc/arm-none-eabi/13.3.1/thumb/v7e-m+fp/hard/crtbegin.o
                [!provide]                        PROVIDE (__fini_array_end = .)
                0x08000d70                        . = ALIGN (0x4)
                0x08000d70                        _sidata = LOADADDR (.data)

.rel.dyn        0x08000d70        0x0
 .rel.iplt      0x08000d70        0x0 C:/ST/STM32CubeIDE_1.18.1/STM32CubeIDE/plugins/com.st.stm32cube.ide.mcu.externaltools.gnu-tools-for-stm32.13.3.rel1.win32_1.0.0.202411081344/tools/bin/../lib/gcc/arm-none-eabi/13.3.1/thumb/v7e-m+fp/hard/crtbegin.o

.data           0x20000000       0x54 load address 0x08000d70
                0x20000000                        . = ALIGN (0x4)
                0x20000000                        _sdata = .
 *(.data)
 *(.data*)
 .data._ZZN7Manager16manage_read_byteEmE17buffer_open_index
                0x20000000        0x1 ./Src/CLI/Manager.o
 *fill*         0x20000001        0x3 
 .data._impure_ptr
                0x20000004        0x4 C:/ST/STM32CubeIDE_1.18.1/STM32CubeIDE/plugins/com.st.stm32cube.ide.mcu.externaltools.gnu-tools-for-stm32.13.3.rel1.win32_1.0.0.202411081344/tools/bin/../lib/gcc/arm-none-eabi/13.3.1/../../../../arm-none-eabi/lib/thumb/v7e-m+fp/hard\libc_nano.a(libc_a-impure.o)
                0x20000004                _impure_ptr
 .data._impure_data
                0x20000008       0x4c C:/ST/STM32CubeIDE_1.18.1/STM32CubeIDE/plugins/com.st.stm32cube.ide.mcu.externaltools.gnu-tools-for-stm32.13.3.rel1.win32_1.0.0.202411081344/tools/bin/../lib/gcc/arm-none-eabi/13.3.1/../../../../arm-none-eabi/lib/thumb/v7e-m+fp/hard\libc_nano.a(libc_a-impure.o)
                0x20000008                _impure_data
 *(.RamFunc)
 *(.RamFunc*)
                0x20000054                        . = ALIGN (0x4)
                0x20000054                        _edata = .

.igot.plt       0x20000054        0x0 load address 0x08000dc4
 .igot.plt      0x20000054        0x0 C:/ST/STM32CubeIDE_1.18.1/STM32CubeIDE/plugins/com.st.stm32cube.ide.mcu.externaltools.gnu-tools-for-stm32.13.3.rel1.win32_1.0.0.202411081344/tools/bin/../lib/gcc/arm-none-eabi/13.3.1/thumb/v7e-m+fp/hard/crtbegin.o
                0x20000054                        . = ALIGN (0x4)

.bss            0x20000054      0x278 load address 0x08000dc4
                0x20000054                        _sbss = .
                0x20000054                        __bss_start__ = _sbss
 *(.bss)
 .bss           0x20000054       0x1c C:/ST/STM32CubeIDE_1.18.1/STM32CubeIDE/plugins/com.st.stm32cube.ide.mcu.externaltools.gnu-tools-for-stm32.13.3.rel1.win32_1.0.0.202411081344/tools/bin/../lib/gcc/arm-none-eabi/13.3.1/thumb/v7e-m+fp/hard/crtbegin.o
 *(.bss*)
 .bss._ZL14command_buffer
                0x20000070       0x64 ./Src/CLI/Manager.o
 .bss._ZL11echo_buffer
                0x200000d4        0x2 ./Src/CLI/Manager.o
 *fill*         0x200000d6        0x2 
 .bss.GPIOA     0x200000d8        0x8 ./Src/main.o
                0x200000d8                GPIOA
 .bss.__sbrk_heap_end
                0x200000e0        0x4 ./Src/sysmem.o
 .bss.system_tick_ms
                0x200000e4        0x4 ./Src/systick.o
                0x200000e4                system_tick_ms
 .bss._ZN7Systick9subtimersE
                0x200000e8       0x80 ./Src/systick.o
                0x200000e8                Systick::subtimers
 .bss._ZN4UART15usart_instancesE
                0x20000168       0x18 ./Src/uart.o
                0x20000168                UART::usart_instances
 .bss._ZN12_GLOBAL__N_113__new_handlerE
                0x20000180        0x4 C:/ST/STM32CubeIDE_1.18.1/STM32CubeIDE/plugins/com.st.stm32cube.ide.mcu.externaltools.gnu-tools-for-stm32.13.3.rel1.win32_1.0.0.202411081344/tools/bin/../lib/gcc/arm-none-eabi/13.3.1/../../../../arm-none-eabi/lib/thumb/v7e-m+fp/hard\libstdc++_nano.a(new_handler.o)
 .bss.__malloc_sbrk_start
                0x20000184        0x4 C:/ST/STM32CubeIDE_1.18.1/STM32CubeIDE/plugins/com.st.stm32cube.ide.mcu.externaltools.gnu-tools-for-stm32.13.3.rel1.win32_1.0.0.202411081344/tools/bin/../lib/gcc/arm-none-eabi/13.3.1/../../../../arm-none-eabi/lib/thumb/v7e-m+fp/hard\libc_nano.a(libc_a-mallocr.o)
                0x20000184                __malloc_sbrk_start
 .bss.__malloc_free_list
                0x20000188        0x4 C:/ST/STM32CubeIDE_1.18.1/STM32CubeIDE/plugins/com.st.stm32cube.ide.mcu.externaltools.gnu-tools-for-stm32.13.3.rel1.win32_1.0.0.202411081344/tools/bin/../lib/gcc/arm-none-eabi/13.3.1/../../../../arm-none-eabi/lib/thumb/v7e-m+fp/hard\libc_nano.a(libc_a-mallocr.o)
                0x20000188                __malloc_free_list
 .bss.__sf      0x2000018c      0x138 C:/ST/STM32CubeIDE_1.18.1/STM32CubeIDE/plugins/com.st.stm32cube.ide.mcu.externaltools.gnu-tools-for-stm32.13.3.rel1.win32_1.0.0.202411081344/tools/bin/../lib/gcc/arm-none-eabi/13.3.1/../../../../arm-none-eabi/lib/thumb/v7e-m+fp/hard\libc_nano.a(libc_a-findfp.o)
                0x2000018c                __sf
 .bss.errno     0x200002c4        0x4 C:/ST/STM32CubeIDE_1.18.1/STM32CubeIDE/plugins/com.st.stm32cube.ide.mcu.externaltools.gnu-tools-for-stm32.13.3.rel1.win32_1.0.0.202411081344/tools/bin/../lib/gcc/arm-none-eabi/13.3.1/../../../../arm-none-eabi/lib/thumb/v7e-m+fp/hard\libc_nano.a(libc_a-reent.o)
                0x200002c4                errno
 .bss.__lock___malloc_recursive_mutex
                0x200002c8        0x1 C:/ST/STM32CubeIDE_1.18.1/STM32CubeIDE/plugins/com.st.stm32cube.ide.mcu.externaltools.gnu-tools-for-stm32.13.3.rel1.win32_1.0.0.202411081344/tools/bin/../lib/gcc/arm-none-eabi/13.3.1/../../../../arm-none-eabi/lib/thumb/v7e-m+fp/hard\libc_nano.a(libc_a-lock.o)
                0x200002c8                __lock___malloc_recursive_mutex
 *(COMMON)
                0x200002cc                        . = ALIGN (0x4)
 *fill*         0x200002c9        0x3 
                0x200002cc                        _ebss = .
                0x200002cc                        __bss_end__ = _ebss

._user_heap_stack
                0x200002cc      0x604 load address 0x08000dc4
                0x200002d0                        . = ALIGN (0x8)
 *fill*         0x200002cc        0x4 
                [!provide]                        PROVIDE (end = .)
                0x200002d0                        PROVIDE (_end = .)
                0x200004d0                        . = (. + _Min_Heap_Size)
 *fill*         0x200002d0      0x200 
                0x200008d0                        . = (. + _Min_Stack_Size)
 *fill*         0x200004d0      0x400 
                0x200008d0                        . = ALIGN (0x8)

/DISCARD/
 libc.a(*)
 libm.a(*)
 libgcc.a(*)

.ARM.attributes
                0x00000000       0x30
 *(.ARM.attributes)
 .ARM.attributes
                0x00000000       0x22 C:/ST/STM32CubeIDE_1.18.1/STM32CubeIDE/plugins/com.st.stm32cube.ide.mcu.externaltools.gnu-tools-for-stm32.13.3.rel1.win32_1.0.0.202411081344/tools/bin/../lib/gcc/arm-none-eabi/13.3.1/thumb/v7e-m+fp/hard/crti.o
 .ARM.attributes
                0x00000022       0x34 C:/ST/STM32CubeIDE_1.18.1/STM32CubeIDE/plugins/com.st.stm32cube.ide.mcu.externaltools.gnu-tools-for-stm32.13.3.rel1.win32_1.0.0.202411081344/tools/bin/../lib/gcc/arm-none-eabi/13.3.1/thumb/v7e-m+fp/hard/crtbegin.o
 .ARM.attributes
                0x00000056       0x34 ./Src/CLI/CLI.o
 .ARM.attributes
                0x0000008a       0x34 ./Src/CLI/Manager.o
 .ARM.attributes
                0x000000be       0x34 ./Src/gpio.o
 .ARM.attributes
                0x000000f2       0x34 ./Src/main.o
 .ARM.attributes
                0x00000126       0x34 ./Src/syscalls.o
 .ARM.attributes
                0x0000015a       0x34 ./Src/sysmem.o
 .ARM.attributes
                0x0000018e       0x34 ./Src/systick.o
 .ARM.attributes
                0x000001c2       0x34 ./Src/uart.o
 .ARM.attributes
                0x000001f6       0x21 ./Startup/startup_stm32f446retx.o
 .ARM.attributes
                0x00000217       0x34 C:/ST/STM32CubeIDE_1.18.1/STM32CubeIDE/plugins/com.st.stm32cube.ide.mcu.externaltools.gnu-tools-for-stm32.13.3.rel1.win32_1.0.0.202411081344/tools/bin/../lib/gcc/arm-none-eabi/13.3.1/../../../../arm-none-eabi/lib/thumb/v7e-m+fp/hard\libstdc++_nano.a(new_op.o)
 .ARM.attributes
                0x0000024b       0x34 C:/ST/STM32CubeIDE_1.18.1/STM32CubeIDE/plugins/com.st.stm32cube.ide.mcu.externaltools.gnu-tools-for-stm32.13.3.rel1.win32_1.0.0.202411081344/tools/bin/../lib/gcc/arm-none-eabi/13.3.1/../../../../arm-none-eabi/lib/thumb/v7e-m+fp/hard\libstdc++_nano.a(new_opv.o)
 .ARM.attributes
                0x0000027f       0x34 C:/ST/STM32CubeIDE_1.18.1/STM32CubeIDE/plugins/com.st.stm32cube.ide.mcu.externaltools.gnu-tools-for-stm32.13.3.rel1.win32_1.0.0.202411081344/tools/bin/../lib/gcc/arm-none-eabi/13.3.1/../../../../arm-none-eabi/lib/thumb/v7e-m+fp/hard\libstdc++_nano.a(new_handler.o)
 .ARM.attributes
                0x000002b3       0x34 C:/ST/STM32CubeIDE_1.18.1/STM32CubeIDE/plugins/com.st.stm32cube.ide.mcu.externaltools.gnu-tools-for-stm32.13.3.rel1.win32_1.0.0.202411081344/tools/bin/../lib/gcc/arm-none-eabi/13.3.1/../../../../arm-none-eabi/lib/thumb/v7e-m+fp/hard\libc_nano.a(libc_a-abort.o)
 .ARM.attributes
                0x000002e7       0x34 C:/ST/STM32CubeIDE_1.18.1/STM32CubeIDE/plugins/com.st.stm32cube.ide.mcu.externaltools.gnu-tools-for-stm32.13.3.rel1.win32_1.0.0.202411081344/tools/bin/../lib/gcc/arm-none-eabi/13.3.1/../../../../arm-none-eabi/lib/thumb/v7e-m+fp/hard\libc_nano.a(libc_a-malloc.o)
 .ARM.attributes
                0x0000031b       0x34 C:/ST/STM32CubeIDE_1.18.1/STM32CubeIDE/plugins/com.st.stm32cube.ide.mcu.externaltools.gnu-tools-for-stm32.13.3.rel1.win32_1.0.0.202411081344/tools/bin/../lib/gcc/arm-none-eabi/13.3.1/../../../../arm-none-eabi/lib/thumb/v7e-m+fp/hard\libc_nano.a(libc_a-mallocr.o)
 .ARM.attributes
                0x0000034f       0x34 C:/ST/STM32CubeIDE_1.18.1/STM32CubeIDE/plugins/com.st.stm32cube.ide.mcu.externaltools.gnu-tools-for-stm32.13.3.rel1.win32_1.0.0.202411081344/tools/bin/../lib/gcc/arm-none-eabi/13.3.1/../../../../arm-none-eabi/lib/thumb/v7e-m+fp/hard\libc_nano.a(libc_a-mlock.o)
 .ARM.attributes
                0x00000383       0x34 C:/ST/STM32CubeIDE_1.18.1/STM32CubeIDE/plugins/com.st.stm32cube.ide.mcu.externaltools.gnu-tools-for-stm32.13.3.rel1.win32_1.0.0.202411081344/tools/bin/../lib/gcc/arm-none-eabi/13.3.1/../../../../arm-none-eabi/lib/thumb/v7e-m+fp/hard\libc_nano.a(libc_a-findfp.o)
 .ARM.attributes
                0x000003b7       0x34 C:/ST/STM32CubeIDE_1.18.1/STM32CubeIDE/plugins/com.st.stm32cube.ide.mcu.externaltools.gnu-tools-for-stm32.13.3.rel1.win32_1.0.0.202411081344/tools/bin/../lib/gcc/arm-none-eabi/13.3.1/../../../../arm-none-eabi/lib/thumb/v7e-m+fp/hard\libc_nano.a(libc_a-signal.o)
 .ARM.attributes
                0x000003eb       0x34 C:/ST/STM32CubeIDE_1.18.1/STM32CubeIDE/plugins/com.st.stm32cube.ide.mcu.externaltools.gnu-tools-for-stm32.13.3.rel1.win32_1.0.0.202411081344/tools/bin/../lib/gcc/arm-none-eabi/13.3.1/../../../../arm-none-eabi/lib/thumb/v7e-m+fp/hard\libc_nano.a(libc_a-reent.o)
 .ARM.attributes
                0x0000041f       0x34 C:/ST/STM32CubeIDE_1.18.1/STM32CubeIDE/plugins/com.st.stm32cube.ide.mcu.externaltools.gnu-tools-for-stm32.13.3.rel1.win32_1.0.0.202411081344/tools/bin/../lib/gcc/arm-none-eabi/13.3.1/../../../../arm-none-eabi/lib/thumb/v7e-m+fp/hard\libc_nano.a(libc_a-impure.o)
 .ARM.attributes
                0x00000453       0x34 C:/ST/STM32CubeIDE_1.18.1/STM32CubeIDE/plugins/com.st.stm32cube.ide.mcu.externaltools.gnu-tools-for-stm32.13.3.rel1.win32_1.0.0.202411081344/tools/bin/../lib/gcc/arm-none-eabi/13.3.1/../../../../arm-none-eabi/lib/thumb/v7e-m+fp/hard\libc_nano.a(libc_a-signalr.o)
 .ARM.attributes
                0x00000487       0x34 C:/ST/STM32CubeIDE_1.18.1/STM32CubeIDE/plugins/com.st.stm32cube.ide.mcu.externaltools.gnu-tools-for-stm32.13.3.rel1.win32_1.0.0.202411081344/tools/bin/../lib/gcc/arm-none-eabi/13.3.1/../../../../arm-none-eabi/lib/thumb/v7e-m+fp/hard\libc_nano.a(libc_a-sbrkr.o)
 .ARM.attributes
                0x000004bb       0x34 C:/ST/STM32CubeIDE_1.18.1/STM32CubeIDE/plugins/com.st.stm32cube.ide.mcu.externaltools.gnu-tools-for-stm32.13.3.rel1.win32_1.0.0.202411081344/tools/bin/../lib/gcc/arm-none-eabi/13.3.1/../../../../arm-none-eabi/lib/thumb/v7e-m+fp/hard\libc_nano.a(libc_a-errno.o)
 .ARM.attributes
                0x000004ef       0x34 C:/ST/STM32CubeIDE_1.18.1/STM32CubeIDE/plugins/com.st.stm32cube.ide.mcu.externaltools.gnu-tools-for-stm32.13.3.rel1.win32_1.0.0.202411081344/tools/bin/../lib/gcc/arm-none-eabi/13.3.1/../../../../arm-none-eabi/lib/thumb/v7e-m+fp/hard\libc_nano.a(libc_a-init.o)
 .ARM.attributes
                0x00000523       0x34 C:/ST/STM32CubeIDE_1.18.1/STM32CubeIDE/plugins/com.st.stm32cube.ide.mcu.externaltools.gnu-tools-for-stm32.13.3.rel1.win32_1.0.0.202411081344/tools/bin/../lib/gcc/arm-none-eabi/13.3.1/../../../../arm-none-eabi/lib/thumb/v7e-m+fp/hard\libc_nano.a(libc_a-lock.o)
 .ARM.attributes
                0x00000557       0x17 C:/ST/STM32CubeIDE_1.18.1/STM32CubeIDE/plugins/com.st.stm32cube.ide.mcu.externaltools.gnu-tools-for-stm32.13.3.rel1.win32_1.0.0.202411081344/tools/bin/../lib/gcc/arm-none-eabi/13.3.1/../../../../arm-none-eabi/lib/thumb/v7e-m+fp/hard\libc_nano.a(libc_a-strlen.o)
 .ARM.attributes
                0x0000056e       0x22 C:/ST/STM32CubeIDE_1.18.1/STM32CubeIDE/plugins/com.st.stm32cube.ide.mcu.externaltools.gnu-tools-for-stm32.13.3.rel1.win32_1.0.0.202411081344/tools/bin/../lib/gcc/arm-none-eabi/13.3.1/thumb/v7e-m+fp/hard/crtn.o
OUTPUT(miniOS.elf elf32-littlearm)
LOAD linker stubs
LOAD C:/ST/STM32CubeIDE_1.18.1/STM32CubeIDE/plugins/com.st.stm32cube.ide.mcu.externaltools.gnu-tools-for-stm32.13.3.rel1.win32_1.0.0.202411081344/tools/bin/../lib/gcc/arm-none-eabi/13.3.1/../../../../arm-none-eabi/lib/thumb/v7e-m+fp/hard\libc.a
LOAD C:/ST/STM32CubeIDE_1.18.1/STM32CubeIDE/plugins/com.st.stm32cube.ide.mcu.externaltools.gnu-tools-for-stm32.13.3.rel1.win32_1.0.0.202411081344/tools/bin/../lib/gcc/arm-none-eabi/13.3.1/../../../../arm-none-eabi/lib/thumb/v7e-m+fp/hard\libm.a
LOAD C:/ST/STM32CubeIDE_1.18.1/STM32CubeIDE/plugins/com.st.stm32cube.ide.mcu.externaltools.gnu-tools-for-stm32.13.3.rel1.win32_1.0.0.202411081344/tools/bin/../lib/gcc/arm-none-eabi/13.3.1/thumb/v7e-m+fp/hard\libgcc.a

.debug_info     0x00000000     0x394c
 .debug_info    0x00000000      0x8d0 ./Src/CLI/CLI.o
 .debug_info    0x000008d0      0x8cb ./Src/CLI/Manager.o
 .debug_info    0x0000119b      0x706 ./Src/gpio.o
 .debug_info    0x000018a1      0x9f5 ./Src/main.o
 .debug_info    0x00002296      0x6a3 ./Src/syscalls.o
 .debug_info    0x00002939      0x168 ./Src/sysmem.o
 .debug_info    0x00002aa1      0x39c ./Src/systick.o
 .debug_info    0x00002e3d      0xadf ./Src/uart.o
 .debug_info    0x0000391c       0x30 ./Startup/startup_stm32f446retx.o

.debug_abbrev   0x00000000     0x117a
 .debug_abbrev  0x00000000      0x261 ./Src/CLI/CLI.o
 .debug_abbrev  0x00000261      0x212 ./Src/CLI/Manager.o
 .debug_abbrev  0x00000473      0x1e9 ./Src/gpio.o
 .debug_abbrev  0x0000065c      0x30e ./Src/main.o
 .debug_abbrev  0x0000096a      0x1b6 ./Src/syscalls.o
 .debug_abbrev  0x00000b20       0xbc ./Src/sysmem.o
 .debug_abbrev  0x00000bdc      0x26f ./Src/systick.o
 .debug_abbrev  0x00000e4b      0x30b ./Src/uart.o
 .debug_abbrev  0x00001156       0x24 ./Startup/startup_stm32f446retx.o

.debug_aranges  0x00000000      0x2b0
 .debug_aranges
                0x00000000       0x28 ./Src/CLI/CLI.o
 .debug_aranges
                0x00000028       0x30 ./Src/CLI/Manager.o
 .debug_aranges
                0x00000058       0x70 ./Src/gpio.o
 .debug_aranges
                0x000000c8       0x40 ./Src/main.o
 .debug_aranges
                0x00000108       0xa8 ./Src/syscalls.o
 .debug_aranges
                0x000001b0       0x20 ./Src/sysmem.o
 .debug_aranges
                0x000001d0       0x58 ./Src/systick.o
 .debug_aranges
                0x00000228       0x60 ./Src/uart.o
 .debug_aranges
                0x00000288       0x28 ./Startup/startup_stm32f446retx.o

.debug_rnglists
                0x00000000      0x1dd
 .debug_rnglists
                0x00000000       0x19 ./Src/CLI/CLI.o
 .debug_rnglists
                0x00000019       0x20 ./Src/CLI/Manager.o
 .debug_rnglists
                0x00000039       0x51 ./Src/gpio.o
 .debug_rnglists
                0x0000008a       0x2b ./Src/main.o
 .debug_rnglists
                0x000000b5       0x79 ./Src/syscalls.o
 .debug_rnglists
                0x0000012e       0x13 ./Src/sysmem.o
 .debug_rnglists
                0x00000141       0x3f ./Src/systick.o
 .debug_rnglists
                0x00000180       0x44 ./Src/uart.o
 .debug_rnglists
                0x000001c4       0x19 ./Startup/startup_stm32f446retx.o

.debug_macro    0x00000000     0x47ab
 .debug_macro   0x00000000       0x9d ./Src/CLI/CLI.o
 .debug_macro   0x0000009d      0xbbc ./Src/CLI/CLI.o
 .debug_macro   0x00000c59       0x1c ./Src/CLI/CLI.o
 .debug_macro   0x00000c75       0x22 ./Src/CLI/CLI.o
 .debug_macro   0x00000c97       0x8e ./Src/CLI/CLI.o
 .debug_macro   0x00000d25       0x51 ./Src/CLI/CLI.o
 .debug_macro   0x00000d76      0x103 ./Src/CLI/CLI.o
 .debug_macro   0x00000e79       0x6a ./Src/CLI/CLI.o
 .debug_macro   0x00000ee3      0x1df ./Src/CLI/CLI.o
 .debug_macro   0x000010c2       0x34 ./Src/CLI/CLI.o
 .debug_macro   0x000010f6       0x99 ./Src/CLI/Manager.o
 .debug_macro   0x0000118f       0x84 ./Src/gpio.o
 .debug_macro   0x00001213       0xa7 ./Src/main.o
 .debug_macro   0x000012ba      0x274 ./Src/syscalls.o
 .debug_macro   0x0000152e      0xae4 ./Src/syscalls.o
 .debug_macro   0x00002012       0x5b ./Src/syscalls.o
 .debug_macro   0x0000206d       0x2a ./Src/syscalls.o
 .debug_macro   0x00002097       0x94 ./Src/syscalls.o
 .debug_macro   0x0000212b       0x43 ./Src/syscalls.o
 .debug_macro   0x0000216e       0x34 ./Src/syscalls.o
 .debug_macro   0x000021a2       0x57 ./Src/syscalls.o
 .debug_macro   0x000021f9      0x190 ./Src/syscalls.o
 .debug_macro   0x00002389      0x370 ./Src/syscalls.o
 .debug_macro   0x000026f9       0x16 ./Src/syscalls.o
 .debug_macro   0x0000270f       0x4a ./Src/syscalls.o
 .debug_macro   0x00002759       0x34 ./Src/syscalls.o
 .debug_macro   0x0000278d       0x10 ./Src/syscalls.o
 .debug_macro   0x0000279d       0x58 ./Src/syscalls.o
 .debug_macro   0x000027f5       0x8e ./Src/syscalls.o
 .debug_macro   0x00002883       0x1c ./Src/syscalls.o
 .debug_macro   0x0000289f      0x185 ./Src/syscalls.o
 .debug_macro   0x00002a24       0x10 ./Src/syscalls.o
 .debug_macro   0x00002a34       0x3c ./Src/syscalls.o
 .debug_macro   0x00002a70       0x10 ./Src/syscalls.o
 .debug_macro   0x00002a80       0x10 ./Src/syscalls.o
 .debug_macro   0x00002a90       0x10 ./Src/syscalls.o
 .debug_macro   0x00002aa0       0x1c ./Src/syscalls.o
 .debug_macro   0x00002abc       0x52 ./Src/syscalls.o
 .debug_macro   0x00002b0e       0x22 ./Src/syscalls.o
 .debug_macro   0x00002b30       0x10 ./Src/syscalls.o
 .debug_macro   0x00002b40       0x52 ./Src/syscalls.o
 .debug_macro   0x00002b92       0xcf ./Src/syscalls.o
 .debug_macro   0x00002c61       0x1c ./Src/syscalls.o
 .debug_macro   0x00002c7d       0x3d ./Src/syscalls.o
 .debug_macro   0x00002cba       0x35 ./Src/syscalls.o
 .debug_macro   0x00002cef      0x12c ./Src/syscalls.o
 .debug_macro   0x00002e1b       0x16 ./Src/syscalls.o
 .debug_macro   0x00002e31       0x16 ./Src/syscalls.o
 .debug_macro   0x00002e47       0x29 ./Src/syscalls.o
 .debug_macro   0x00002e70       0x10 ./Src/syscalls.o
 .debug_macro   0x00002e80      0x242 ./Src/syscalls.o
 .debug_macro   0x000030c2       0x1c ./Src/syscalls.o
 .debug_macro   0x000030de       0x10 ./Src/syscalls.o
 .debug_macro   0x000030ee       0x10 ./Src/syscalls.o
 .debug_macro   0x000030fe       0x16 ./Src/syscalls.o
 .debug_macro   0x00003114      0x146 ./Src/syscalls.o
 .debug_macro   0x0000325a      0x18a ./Src/syscalls.o
 .debug_macro   0x000033e4       0x16 ./Src/syscalls.o
 .debug_macro   0x000033fa       0xce ./Src/syscalls.o
 .debug_macro   0x000034c8      0x112 ./Src/sysmem.o
 .debug_macro   0x000035da      0x23c ./Src/sysmem.o
 .debug_macro   0x00003816       0x8a ./Src/systick.o
 .debug_macro   0x000038a0      0x1ee ./Src/uart.o
 .debug_macro   0x00003a8e      0x1f2 ./Src/uart.o
 .debug_macro   0x00003c80       0x10 ./Src/uart.o
 .debug_macro   0x00003c90      0x409 ./Src/uart.o
 .debug_macro   0x00004099       0x61 ./Src/uart.o
 .debug_macro   0x000040fa       0x34 ./Src/uart.o
 .debug_macro   0x0000412e      0x197 ./Src/uart.o
 .debug_macro   0x000042c5      0x38c ./Src/uart.o
 .debug_macro   0x00004651       0x4a ./Src/uart.o
 .debug_macro   0x0000469b       0x16 ./Src/uart.o
 .debug_macro   0x000046b1       0x10 ./Src/uart.o
 .debug_macro   0x000046c1       0x3c ./Src/uart.o
 .debug_macro   0x000046fd       0x20 ./Src/uart.o
 .debug_macro   0x0000471d       0x8e ./Src/uart.o

.debug_line     0x00000000     0x3330
 .debug_line    0x00000000      0x4b0 ./Src/CLI/CLI.o
 .debug_line    0x000004b0      0x4ec ./Src/CLI/Manager.o
 .debug_line    0x0000099c      0x70d ./Src/gpio.o
 .debug_line    0x000010a9      0x4db ./Src/main.o
 .debug_line    0x00001584      0x8a7 ./Src/syscalls.o
 .debug_line    0x00001e2b      0x583 ./Src/sysmem.o
 .debug_line    0x000023ae      0x54e ./Src/systick.o
 .debug_line    0x000028fc      0x9b9 ./Src/uart.o
 .debug_line    0x000032b5       0x7b ./Startup/startup_stm32f446retx.o

.debug_str      0x00000000     0xc9f9
 .debug_str     0x00000000     0xc9f9 ./Src/CLI/CLI.o
                               0x4b0e (size before relaxing)
 .debug_str     0x0000c9f9     0x4b0e ./Src/CLI/Manager.o
 .debug_str     0x0000c9f9     0x464c ./Src/gpio.o
 .debug_str     0x0000c9f9     0x4cbb ./Src/main.o
 .debug_str     0x0000c9f9     0x99ef ./Src/syscalls.o
 .debug_str     0x0000c9f9     0x778d ./Src/sysmem.o
 .debug_str     0x0000c9f9     0x44ba ./Src/systick.o
 .debug_str     0x0000c9f9     0x9e06 ./Src/uart.o
 .debug_str     0x0000c9f9       0x7c ./Startup/startup_stm32f446retx.o

.comment        0x00000000       0x43
 .comment       0x00000000       0x43 ./Src/CLI/CLI.o
                                 0x44 (size before relaxing)
 .comment       0x00000043       0x44 ./Src/CLI/Manager.o
 .comment       0x00000043       0x44 ./Src/gpio.o
 .comment       0x00000043       0x44 ./Src/main.o
 .comment       0x00000043       0x44 ./Src/syscalls.o
 .comment       0x00000043       0x44 ./Src/sysmem.o
 .comment       0x00000043       0x44 ./Src/systick.o
 .comment       0x00000043       0x44 ./Src/uart.o

.debug_frame    0x00000000      0xda0
 .debug_frame   0x00000000       0x60 ./Src/CLI/CLI.o
 .debug_frame   0x00000060       0x80 ./Src/CLI/Manager.o
 .debug_frame   0x000000e0      0x1b4 ./Src/gpio.o
 .debug_frame   0x00000294       0xa0 ./Src/main.o
 .debug_frame   0x00000334      0x2ac ./Src/syscalls.o
 .debug_frame   0x000005e0       0x34 ./Src/sysmem.o
 .debug_frame   0x00000614      0x134 ./Src/systick.o
 .debug_frame   0x00000748      0x15c ./Src/uart.o
 .debug_frame   0x000008a4       0x28 C:/ST/STM32CubeIDE_1.18.1/STM32CubeIDE/plugins/com.st.stm32cube.ide.mcu.externaltools.gnu-tools-for-stm32.13.3.rel1.win32_1.0.0.202411081344/tools/bin/../lib/gcc/arm-none-eabi/13.3.1/../../../../arm-none-eabi/lib/thumb/v7e-m+fp/hard\libstdc++_nano.a(new_op.o)
 .debug_frame   0x000008cc       0x20 C:/ST/STM32CubeIDE_1.18.1/STM32CubeIDE/plugins/com.st.stm32cube.ide.mcu.externaltools.gnu-tools-for-stm32.13.3.rel1.win32_1.0.0.202411081344/tools/bin/../lib/gcc/arm-none-eabi/13.3.1/../../../../arm-none-eabi/lib/thumb/v7e-m+fp/hard\libstdc++_nano.a(new_opv.o)
 .debug_frame   0x000008ec       0x30 C:/ST/STM32CubeIDE_1.18.1/STM32CubeIDE/plugins/com.st.stm32cube.ide.mcu.externaltools.gnu-tools-for-stm32.13.3.rel1.win32_1.0.0.202411081344/tools/bin/../lib/gcc/arm-none-eabi/13.3.1/../../../../arm-none-eabi/lib/thumb/v7e-m+fp/hard\libstdc++_nano.a(new_handler.o)
 .debug_frame   0x0000091c       0x28 C:/ST/STM32CubeIDE_1.18.1/STM32CubeIDE/plugins/com.st.stm32cube.ide.mcu.externaltools.gnu-tools-for-stm32.13.3.rel1.win32_1.0.0.202411081344/tools/bin/../lib/gcc/arm-none-eabi/13.3.1/../../../../arm-none-eabi/lib/thumb/v7e-m+fp/hard\libc_nano.a(libc_a-abort.o)
 .debug_frame   0x00000944       0x30 C:/ST/STM32CubeIDE_1.18.1/STM32CubeIDE/plugins/com.st.stm32cube.ide.mcu.externaltools.gnu-tools-for-stm32.13.3.rel1.win32_1.0.0.202411081344/tools/bin/../lib/gcc/arm-none-eabi/13.3.1/../../../../arm-none-eabi/lib/thumb/v7e-m+fp/hard\libc_nano.a(libc_a-malloc.o)
 .debug_frame   0x00000974       0x50 C:/ST/STM32CubeIDE_1.18.1/STM32CubeIDE/plugins/com.st.stm32cube.ide.mcu.externaltools.gnu-tools-for-stm32.13.3.rel1.win32_1.0.0.202411081344/tools/bin/../lib/gcc/arm-none-eabi/13.3.1/../../../../arm-none-eabi/lib/thumb/v7e-m+fp/hard\libc_nano.a(libc_a-mallocr.o)
 .debug_frame   0x000009c4       0x30 C:/ST/STM32CubeIDE_1.18.1/STM32CubeIDE/plugins/com.st.stm32cube.ide.mcu.externaltools.gnu-tools-for-stm32.13.3.rel1.win32_1.0.0.202411081344/tools/bin/../lib/gcc/arm-none-eabi/13.3.1/../../../../arm-none-eabi/lib/thumb/v7e-m+fp/hard\libc_nano.a(libc_a-mlock.o)
 .debug_frame   0x000009f4      0x144 C:/ST/STM32CubeIDE_1.18.1/STM32CubeIDE/plugins/com.st.stm32cube.ide.mcu.externaltools.gnu-tools-for-stm32.13.3.rel1.win32_1.0.0.202411081344/tools/bin/../lib/gcc/arm-none-eabi/13.3.1/../../../../arm-none-eabi/lib/thumb/v7e-m+fp/hard\libc_nano.a(libc_a-findfp.o)
 .debug_frame   0x00000b38       0xcc C:/ST/STM32CubeIDE_1.18.1/STM32CubeIDE/plugins/com.st.stm32cube.ide.mcu.externaltools.gnu-tools-for-stm32.13.3.rel1.win32_1.0.0.202411081344/tools/bin/../lib/gcc/arm-none-eabi/13.3.1/../../../../arm-none-eabi/lib/thumb/v7e-m+fp/hard\libc_nano.a(libc_a-signal.o)
 .debug_frame   0x00000c04       0x38 C:/ST/STM32CubeIDE_1.18.1/STM32CubeIDE/plugins/com.st.stm32cube.ide.mcu.externaltools.gnu-tools-for-stm32.13.3.rel1.win32_1.0.0.202411081344/tools/bin/../lib/gcc/arm-none-eabi/13.3.1/../../../../arm-none-eabi/lib/thumb/v7e-m+fp/hard\libc_nano.a(libc_a-reent.o)
 .debug_frame   0x00000c3c       0x3c C:/ST/STM32CubeIDE_1.18.1/STM32CubeIDE/plugins/com.st.stm32cube.ide.mcu.externaltools.gnu-tools-for-stm32.13.3.rel1.win32_1.0.0.202411081344/tools/bin/../lib/gcc/arm-none-eabi/13.3.1/../../../../arm-none-eabi/lib/thumb/v7e-m+fp/hard\libc_nano.a(libc_a-signalr.o)
 .debug_frame   0x00000c78       0x2c C:/ST/STM32CubeIDE_1.18.1/STM32CubeIDE/plugins/com.st.stm32cube.ide.mcu.externaltools.gnu-tools-for-stm32.13.3.rel1.win32_1.0.0.202411081344/tools/bin/../lib/gcc/arm-none-eabi/13.3.1/../../../../arm-none-eabi/lib/thumb/v7e-m+fp/hard\libc_nano.a(libc_a-sbrkr.o)
 .debug_frame   0x00000ca4       0x20 C:/ST/STM32CubeIDE_1.18.1/STM32CubeIDE/plugins/com.st.stm32cube.ide.mcu.externaltools.gnu-tools-for-stm32.13.3.rel1.win32_1.0.0.202411081344/tools/bin/../lib/gcc/arm-none-eabi/13.3.1/../../../../arm-none-eabi/lib/thumb/v7e-m+fp/hard\libc_nano.a(libc_a-errno.o)
 .debug_frame   0x00000cc4       0x2c C:/ST/STM32CubeIDE_1.18.1/STM32CubeIDE/plugins/com.st.stm32cube.ide.mcu.externaltools.gnu-tools-for-stm32.13.3.rel1.win32_1.0.0.202411081344/tools/bin/../lib/gcc/arm-none-eabi/13.3.1/../../../../arm-none-eabi/lib/thumb/v7e-m+fp/hard\libc_nano.a(libc_a-init.o)
 .debug_frame   0x00000cf0       0xb0 C:/ST/STM32CubeIDE_1.18.1/STM32CubeIDE/plugins/com.st.stm32cube.ide.mcu.externaltools.gnu-tools-for-stm32.13.3.rel1.win32_1.0.0.202411081344/tools/bin/../lib/gcc/arm-none-eabi/13.3.1/../../../../arm-none-eabi/lib/thumb/v7e-m+fp/hard\libc_nano.a(libc_a-lock.o)

.debug_line_str
                0x00000000       0x60
 .debug_line_str
                0x00000000       0x60 ./Startup/startup_stm32f446retx.o
