../Src/systick.cpp:11:17:void SysTick_Handler()	8	static
../Src/systick.cpp:16:6:void Systick::configure_timer(int)	16	static
../Src/systick.cpp:22:6:void Systick::enable()	16	static
../Src/systick.cpp:26:6:void Systick::disable()	16	static
../Src/systick.cpp:30:6:static void Systick::create_subtimer(uint32_t, subtimer_callback_t, bool)	32	static
../Src/systick.cpp:39:6:static void Systick::tick_all()	16	static
../Src/systick.cpp:56:10:static uint32_t Systick::millis()	4	static
../Src/systick.cpp:60:6:static void Systick::delay(uint32_t)	24	static
